Archive member included to satisfy reference by file (symbol)

/home/ghazi/Documents/STM32/workspace_1.0.1/FreeRTOS/Middlewares/PDM/Lib/libPDMFilter_CM3_GCC.a(pdm_filter.o)
                              Src/main.o (PDM_Filter_Init)
/opt/st/stm32cubeide_1.0.1/plugins/com.st.stm32cube.ide.mcu.externaltools.gnu-tools-for-stm32.7-2018-q2-update.linux64_1.0.0.201904181610/tools/bin/../lib/gcc/arm-none-eabi/7.3.1/../../../../arm-none-eabi/lib/thumb/v7e-m/fpv4-sp/hard/libc_nano.a(lib_a-errno.o)
                              Src/syscalls.o (__errno)
/opt/st/stm32cubeide_1.0.1/plugins/com.st.stm32cube.ide.mcu.externaltools.gnu-tools-for-stm32.7-2018-q2-update.linux64_1.0.0.201904181610/tools/bin/../lib/gcc/arm-none-eabi/7.3.1/../../../../arm-none-eabi/lib/thumb/v7e-m/fpv4-sp/hard/libc_nano.a(lib_a-exit.o)
                              /opt/st/stm32cubeide_1.0.1/plugins/com.st.stm32cube.ide.mcu.externaltools.gnu-tools-for-stm32.7-2018-q2-update.linux64_1.0.0.201904181610/tools/bin/../lib/gcc/arm-none-eabi/7.3.1/../../../../arm-none-eabi/lib/thumb/v7e-m/fpv4-sp/hard/crt0.o (exit)
/opt/st/stm32cubeide_1.0.1/plugins/com.st.stm32cube.ide.mcu.externaltools.gnu-tools-for-stm32.7-2018-q2-update.linux64_1.0.0.201904181610/tools/bin/../lib/gcc/arm-none-eabi/7.3.1/../../../../arm-none-eabi/lib/thumb/v7e-m/fpv4-sp/hard/libc_nano.a(lib_a-impure.o)
                              /opt/st/stm32cubeide_1.0.1/plugins/com.st.stm32cube.ide.mcu.externaltools.gnu-tools-for-stm32.7-2018-q2-update.linux64_1.0.0.201904181610/tools/bin/../lib/gcc/arm-none-eabi/7.3.1/../../../../arm-none-eabi/lib/thumb/v7e-m/fpv4-sp/hard/libc_nano.a(lib_a-exit.o) (_global_impure_ptr)
/opt/st/stm32cubeide_1.0.1/plugins/com.st.stm32cube.ide.mcu.externaltools.gnu-tools-for-stm32.7-2018-q2-update.linux64_1.0.0.201904181610/tools/bin/../lib/gcc/arm-none-eabi/7.3.1/../../../../arm-none-eabi/lib/thumb/v7e-m/fpv4-sp/hard/libc_nano.a(lib_a-init.o)
                              /opt/st/stm32cubeide_1.0.1/plugins/com.st.stm32cube.ide.mcu.externaltools.gnu-tools-for-stm32.7-2018-q2-update.linux64_1.0.0.201904181610/tools/bin/../lib/gcc/arm-none-eabi/7.3.1/../../../../arm-none-eabi/lib/thumb/v7e-m/fpv4-sp/hard/crt0.o (__libc_init_array)
/opt/st/stm32cubeide_1.0.1/plugins/com.st.stm32cube.ide.mcu.externaltools.gnu-tools-for-stm32.7-2018-q2-update.linux64_1.0.0.201904181610/tools/bin/../lib/gcc/arm-none-eabi/7.3.1/../../../../arm-none-eabi/lib/thumb/v7e-m/fpv4-sp/hard/libc_nano.a(lib_a-memcpy-stub.o)
                              Middlewares/ST/STM32_USB_Host_Library/Class/MSC/Src/usbh_msc.o (memcpy)
/opt/st/stm32cubeide_1.0.1/plugins/com.st.stm32cube.ide.mcu.externaltools.gnu-tools-for-stm32.7-2018-q2-update.linux64_1.0.0.201904181610/tools/bin/../lib/gcc/arm-none-eabi/7.3.1/../../../../arm-none-eabi/lib/thumb/v7e-m/fpv4-sp/hard/libc_nano.a(lib_a-memset.o)
                              /opt/st/stm32cubeide_1.0.1/plugins/com.st.stm32cube.ide.mcu.externaltools.gnu-tools-for-stm32.7-2018-q2-update.linux64_1.0.0.201904181610/tools/bin/../lib/gcc/arm-none-eabi/7.3.1/../../../../arm-none-eabi/lib/thumb/v7e-m/fpv4-sp/hard/crt0.o (memset)
/opt/st/stm32cubeide_1.0.1/plugins/com.st.stm32cube.ide.mcu.externaltools.gnu-tools-for-stm32.7-2018-q2-update.linux64_1.0.0.201904181610/tools/bin/../lib/gcc/arm-none-eabi/7.3.1/../../../../arm-none-eabi/lib/thumb/v7e-m/fpv4-sp/hard/libm.a(lib_a-s_round.o)
                              /home/ghazi/Documents/STM32/workspace_1.0.1/FreeRTOS/Middlewares/PDM/Lib/libPDMFilter_CM3_GCC.a(pdm_filter.o) (round)
/opt/st/stm32cubeide_1.0.1/plugins/com.st.stm32cube.ide.mcu.externaltools.gnu-tools-for-stm32.7-2018-q2-update.linux64_1.0.0.201904181610/tools/bin/../lib/gcc/arm-none-eabi/7.3.1/../../../../arm-none-eabi/lib/thumb/v7e-m/fpv4-sp/hard/libm.a(lib_a-wf_pow.o)
                              /home/ghazi/Documents/STM32/workspace_1.0.1/FreeRTOS/Middlewares/PDM/Lib/libPDMFilter_CM3_GCC.a(pdm_filter.o) (powf)
/opt/st/stm32cubeide_1.0.1/plugins/com.st.stm32cube.ide.mcu.externaltools.gnu-tools-for-stm32.7-2018-q2-update.linux64_1.0.0.201904181610/tools/bin/../lib/gcc/arm-none-eabi/7.3.1/../../../../arm-none-eabi/lib/thumb/v7e-m/fpv4-sp/hard/libm.a(lib_a-ef_pow.o)
                              /opt/st/stm32cubeide_1.0.1/plugins/com.st.stm32cube.ide.mcu.externaltools.gnu-tools-for-stm32.7-2018-q2-update.linux64_1.0.0.201904181610/tools/bin/../lib/gcc/arm-none-eabi/7.3.1/../../../../arm-none-eabi/lib/thumb/v7e-m/fpv4-sp/hard/libm.a(lib_a-wf_pow.o) (__ieee754_powf)
/opt/st/stm32cubeide_1.0.1/plugins/com.st.stm32cube.ide.mcu.externaltools.gnu-tools-for-stm32.7-2018-q2-update.linux64_1.0.0.201904181610/tools/bin/../lib/gcc/arm-none-eabi/7.3.1/../../../../arm-none-eabi/lib/thumb/v7e-m/fpv4-sp/hard/libm.a(lib_a-ef_sqrt.o)
[...]
Memory Configuration

Name             Origin             Length             Attributes
CCMRAM           0x0000000010000000 0x0000000000010000 xrw
RAM              0x0000000020000000 0x0000000000020000 xrw
FLASH            0x0000000008000000 0x0000000000100000 xr
*default*        0x0000000000000000 0xffffffffffffffff

Linker script and memory map

LOAD /opt/st/stm32cubeide_1.0.1/plugins/com.st.stm32cube.ide.mcu.externaltools.gnu-tools-for-stm32.7-2018-q2-update.linux64_1.0.0.201904181610/tools/bin/../lib/gcc/arm-none-eabi/7.3.1/thumb/v7e-m/fpv4-sp/hard/crti.o
LOAD /opt/st/stm32cubeide_1.0.1/plugins/com.st.stm32cube.ide.mcu.externaltools.gnu-tools-for-stm32.7-2018-q2-update.linux64_1.0.0.201904181610/tools/bin/../lib/gcc/arm-none-eabi/7.3.1/thumb/v7e-m/fpv4-sp/hard/crtbegin.o
LOAD /opt/st/stm32cubeide_1.0.1/plugins/com.st.stm32cube.ide.mcu.externaltools.gnu-tools-for-stm32.7-2018-q2-update.linux64_1.0.0.201904181610/tools/bin/../lib/gcc/arm-none-eabi/7.3.1/../../../../arm-none-eabi/lib/thumb/v7e-m/fpv4-sp/hard/crt0.o
LOAD Drivers/STM32F4xx_HAL_Driver/Src/stm32f4xx_hal.o
LOAD Drivers/STM32F4xx_HAL_Driver/Src/stm32f4xx_hal_cortex.o
LOAD Drivers/STM32F4xx_HAL_Driver/Src/stm32f4xx_hal_dma.o
LOAD Drivers/STM32F4xx_HAL_Driver/Src/stm32f4xx_hal_dma_ex.o
LOAD Drivers/STM32F4xx_HAL_Driver/Src/stm32f4xx_hal_exti.o
LOAD Drivers/STM32F4xx_HAL_Driver/Src/stm32f4xx_hal_flash.o
LOAD Drivers/STM32F4xx_HAL_Driver/Src/stm32f4xx_hal_flash_ex.o
LOAD Drivers/STM32F4xx_HAL_Driver/Src/stm32f4xx_hal_flash_ramfunc.o
LOAD Drivers/STM32F4xx_HAL_Driver/Src/stm32f4xx_hal_gpio.o
LOAD Drivers/STM32F4xx_HAL_Driver/Src/stm32f4xx_hal_hcd.o
LOAD Drivers/STM32F4xx_HAL_Driver/Src/stm32f4xx_hal_i2s.o
LOAD Drivers/STM32F4xx_HAL_Driver/Src/stm32f4xx_hal_i2s_ex.o
LOAD Drivers/STM32F4xx_HAL_Driver/Src/stm32f4xx_hal_pwr.o
LOAD Drivers/STM32F4xx_HAL_Driver/Src/stm32f4xx_hal_pwr_ex.o
LOAD Drivers/STM32F4xx_HAL_Driver/Src/stm32f4xx_hal_rcc.o
LOAD Drivers/STM32F4xx_HAL_Driver/Src/stm32f4xx_hal_rcc_ex.o
LOAD Drivers/STM32F4xx_HAL_Driver/Src/stm32f4xx_hal_tim.o
LOAD Drivers/STM32F4xx_HAL_Driver/Src/stm32f4xx_hal_tim_ex.o
LOAD Drivers/STM32F4xx_HAL_Driver/Src/stm32f4xx_ll_usb.o
LOAD Middlewares/ST/STM32_USB_Host_Library/Class/MSC/Src/usbh_msc.o
LOAD Middlewares/ST/STM32_USB_Host_Library/Class/MSC/Src/usbh_msc_bot.o
LOAD Middlewares/ST/STM32_USB_Host_Library/Class/MSC/Src/usbh_msc_scsi.o
LOAD Middlewares/ST/STM32_USB_Host_Library/Core/Src/usbh_core.o
LOAD Middlewares/ST/STM32_USB_Host_Library/Core/Src/usbh_ctlreq.o
LOAD Middlewares/ST/STM32_USB_Host_Library/Core/Src/usbh_ioreq.o
LOAD Middlewares/ST/STM32_USB_Host_Library/Core/Src/usbh_pipes.o
LOAD Middlewares/Third_Party/FatFs/src/diskio.o
LOAD Middlewares/Third_Party/FatFs/src/ff.o
LOAD Middlewares/Third_Party/FatFs/src/ff_gen_drv.o
LOAD Middlewares/Third_Party/FatFs/src/option/syscall.o
LOAD Middlewares/Third_Party/FreeRTOS/Source/CMSIS_RTOS_V2/cmsis_os2.o
LOAD Middlewares/Third_Party/FreeRTOS/Source/croutine.o
LOAD Middlewares/Third_Party/FreeRTOS/Source/event_groups.o
LOAD Middlewares/Third_Party/FreeRTOS/Source/list.o
LOAD Middlewares/Third_Party/FreeRTOS/Source/queue.o
LOAD Middlewares/Third_Party/FreeRTOS/Source/stream_buffer.o
LOAD Middlewares/Third_Party/FreeRTOS/Source/tasks.o
LOAD Middlewares/Third_Party/FreeRTOS/Source/timers.o
LOAD Middlewares/Third_Party/FreeRTOS/Source/portable/GCC/ARM_CM4F/port.o
LOAD Middlewares/Third_Party/FreeRTOS/Source/portable/MemMang/heap_5.o
LOAD Src/fatfs.o
LOAD Src/freertos.o
LOAD Src/main.o
LOAD Src/stm32f4xx_hal_msp.o
LOAD Src/stm32f4xx_hal_timebase_tim.o
LOAD Src/stm32f4xx_it.o
LOAD Src/syscalls.o
LOAD Src/sysmem.o
LOAD Src/system_stm32f4xx.o
LOAD Src/usb_host.o
LOAD Src/usbh_conf.o
LOAD Src/usbh_diskio.o
LOAD Src/usbh_platform.o
LOAD Startup/startup_stm32f407vgtx.o
LOAD /home/ghazi/Documents/STM32/workspace_1.0.1/FreeRTOS/Middlewares/PDM/Lib/libPDMFilter_CM3_GCC.a
START GROUP
LOAD /opt/st/stm32cubeide_1.0.1/plugins/com.st.stm32cube.ide.mcu.externaltools.gnu-tools-for-stm32.7-2018-q2-update.linux64_1.0.0.201904181610/tools/bin/../lib/gcc/arm-none-eabi/7.3.1/../../../../arm-none-eabi/lib/thumb/v7e-m/fpv4-sp/hard/libc_nano.a
LOAD /opt/st/stm32cubeide_1.0.1/plugins/com.st.stm32cube.ide.mcu.externaltools.gnu-tools-for-stm32.7-2018-q2-update.linux64_1.0.0.201904181610/tools/bin/../lib/gcc/arm-none-eabi/7.3.1/../../../../arm-none-eabi/lib/thumb/v7e-m/fpv4-sp/hard/libm.a
END GROUP
START GROUP
LOAD /opt/st/stm32cubeide_1.0.1/plugins/com.st.stm32cube.ide.mcu.externaltools.gnu-tools-for-stm32.7-2018-q2-update.linux64_1.0.0.201904181610/tools/bin/../lib/gcc/arm-none-eabi/7.3.1/thumb/v7e-m/fpv4-sp/hard/libgcc.a
LOAD /opt/st/stm32cubeide_1.0.1/plugins/com.st.stm32cube.ide.mcu.externaltools.gnu-tools-for-stm32.7-2018-q2-update.linux64_1.0.0.201904181610/tools/bin/../lib/gcc/arm-none-eabi/7.3.1/../../../../arm-none-eabi/lib/thumb/v7e-m/fpv4-sp/hard/libc_nano.a
END GROUP
START GROUP
LOAD /opt/st/stm32cubeide_1.0.1/plugins/com.st.stm32cube.ide.mcu.externaltools.gnu-tools-for-stm32.7-2018-q2-update.linux64_1.0.0.201904181610/tools/bin/../lib/gcc/arm-none-eabi/7.3.1/thumb/v7e-m/fpv4-sp/hard/libgcc.a
LOAD /opt/st/stm32cubeide_1.0.1/plugins/com.st.stm32cube.ide.mcu.externaltools.gnu-tools-for-stm32.7-2018-q2-update.linux64_1.0.0.201904181610/tools/bin/../lib/gcc/arm-none-eabi/7.3.1/../../../../arm-none-eabi/lib/thumb/v7e-m/fpv4-sp/hard/libc_nano.a
LOAD /opt/st/stm32cubeide_1.0.1/plugins/com.st.stm32cube.ide.mcu.externaltools.gnu-tools-for-stm32.7-2018-q2-update.linux64_1.0.0.201904181610/tools/bin/../lib/gcc/arm-none-eabi/7.3.1/../../../../arm-none-eabi/lib/thumb/v7e-m/fpv4-sp/hard/libnosys.a
END GROUP
START GROUP
LOAD /opt/st/stm32cubeide_1.0.1/plugins/com.st.stm32cube.ide.mcu.externaltools.gnu-tools-for-stm32.7-2018-q2-update.linux64_1.0.0.201904181610/tools/bin/../lib/gcc/arm-none-eabi/7.3.1/thumb/v7e-m/fpv4-sp/hard/libgcc.a
LOAD /opt/st/stm32cubeide_1.0.1/plugins/com.st.stm32cube.ide.mcu.externaltools.gnu-tools-for-stm32.7-2018-q2-update.linux64_1.0.0.201904181610/tools/bin/../lib/gcc/arm-none-eabi/7.3.1/../../../../arm-none-eabi/lib/thumb/v7e-m/fpv4-sp/hard/libc_nano.a
LOAD /opt/st/stm32cubeide_1.0.1/plugins/com.st.stm32cube.ide.mcu.externaltools.gnu-tools-for-stm32.7-2018-q2-update.linux64_1.0.0.201904181610/tools/bin/../lib/gcc/arm-none-eabi/7.3.1/../../../../arm-none-eabi/lib/thumb/v7e-m/fpv4-sp/hard/libnosys.a
END GROUP
LOAD /opt/st/stm32cubeide_1.0.1/plugins/com.st.stm32cube.ide.mcu.externaltools.gnu-tools-for-stm32.7-2018-q2-update.linux64_1.0.0.201904181610/tools/bin/../lib/gcc/arm-none-eabi/7.3.1/thumb/v7e-m/fpv4-sp/hard/crtend.o
LOAD /opt/st/stm32cubeide_1.0.1/plugins/com.st.stm32cube.ide.mcu.externaltools.gnu-tools-for-stm32.7-2018-q2-update.linux64_1.0.0.201904181610/tools/bin/../lib/gcc/arm-none-eabi/7.3.1/thumb/v7e-m/fpv4-sp/hard/crtn.o
                0x0000000020020000                _estack = 0x20020000
                0x0000000000000800                _Min_Heap_Size = 0x800
                0x0000000000000800                _Min_Stack_Size = 0x800

.isr_vector     0x0000000008000000      0x188
                0x0000000008000000                . = ALIGN (0x4)
 *(.isr_vector)
 .isr_vector    0x0000000008000000      0x188 Startup/startup_stm32f407vgtx.o
                0x0000000008000000                g_pfnVectors
                0x0000000008000188                . = ALIGN (0x4)

.text           0x0000000008000190    0x13494
                0x0000000008000190                . = ALIGN (0x4)
 *(.text)
 .text          0x0000000008000190       0x40 /opt/st/stm32cubeide_1.0.1/plugins/com.st.stm32cube.ide.mcu.externaltools.gnu-tools-for-stm32.7-2018-q2-update.linux64_1.0.0.201904181610/tools/bin/../lib/gcc/arm-none-eabi/7.3.1/thumb/v7e-m/fpv4-sp/hard/crtbegin.o
 .text          0x00000000080001d0      0x378 /opt/st/stm32cubeide_1.0.1/plugins/com.st.stm32cube.ide.mcu.externaltools.gnu-tools-for-stm32.7-2018-q2-update.linux64_1.0.0.201904181610/tools/bin/../lib/gcc/arm-none-eabi/7.3.1/thumb/v7e-m/fpv4-sp/hard/libgcc.a(_arm_addsubdf3.o)
                0x00000000080001d0                __aeabi_drsub
                0x00000000080001d8                __aeabi_dsub
                0x00000000080001d8                __subdf3
                0x00000000080001dc                __adddf3
                0x00000000080001dc                __aeabi_dadd
                0x0000000008000454                __aeabi_ui2d
                0x0000000008000454                __floatunsidf
                0x0000000008000474                __floatsidf
                0x0000000008000474                __aeabi_i2d
                0x0000000008000498                __extendsfdf2
                0x0000000008000498                __aeabi_f2d
                0x00000000080004dc                __aeabi_ul2d
                0x00000000080004dc                __floatundidf
                0x00000000080004ec                __floatdidf
                0x00000000080004ec                __aeabi_l2d
 .text          0x0000000008000548       0x40 /opt/st/stm32cubeide_1.0.1/plugins/com.st.stm32cube.ide.mcu.externaltools.gnu-tools-for-stm32.7-2018-q2-update.linux64_1.0.0.201904181610/tools/bin/../lib/gcc/arm-none-eabi/7.3.1/thumb/v7e-m/fpv4-sp/hard/libgcc.a(_arm_fixunsdfsi.o)
                0x0000000008000548                __fixunsdfsi
                0x0000000008000548                __aeabi_d2uiz
 .text          0x0000000008000588       0xa0 /opt/st/stm32cubeide_1.0.1/plugins/com.st.stm32cube.ide.mcu.externaltools.gnu-tools-for-stm32.7-2018-q2-update.linux64_1.0.0.201904181610/tools/bin/../lib/gcc/arm-none-eabi/7.3.1/thumb/v7e-m/fpv4-sp/hard/libgcc.a(_arm_truncdfsf2.o)
                0x0000000008000588                __aeabi_d2f
                0x0000000008000588                __truncdfsf2
 .text          0x0000000008000628       0x30 /opt/st/stm32cubeide_1.0.1/plugins/com.st.stm32cube.ide.mcu.externaltools.gnu-tools-for-stm32.7-2018-q2-update.linux64_1.0.0.201904181610/tools/bin/../lib/gcc/arm-none-eabi/7.3.1/thumb/v7e-m/fpv4-sp/hard/libgcc.a(_aeabi_uldivmod.o)
                0x0000000008000628                __aeabi_uldivmod
 .text          0x0000000008000658      0x2cc /opt/st/stm32cubeide_1.0.1/plugins/com.st.stm32cube.ide.mcu.externaltools.gnu-tools-for-stm32.7-2018-q2-update.linux64_1.0.0.201904181610/tools/bin/../lib/gcc/arm-none-eabi/7.3.1/thumb/v7e-m/fpv4-sp/hard/libgcc.a(_udivmoddi4.o)
                0x0000000008000658                __udivmoddi4
 .text          0x0000000008000924        0x4 /opt/st/stm32cubeide_1.0.1/plugins/com.st.stm32cube.ide.mcu.externaltools.gnu-tools-for-stm32.7-2018-q2-update.linux64_1.0.0.201904181610/tools/bin/../lib/gcc/arm-none-eabi/7.3.1/thumb/v7e-m/fpv4-sp/hard/libgcc.a(_dvmd_tls.o)
                0x0000000008000924                __aeabi_ldiv0
                0x0000000008000924                __aeabi_idiv0
 *(.text*)
 .text.HAL_Init
                0x0000000008000928       0x44 Drivers/STM32F4xx_HAL_Driver/Src/stm32f4xx_hal.o
                0x0000000008000928                HAL_Init
 .text.HAL_IncTick
                0x000000000800096c       0x28 Drivers/STM32F4xx_HAL_Driver/Src/stm32f4xx_hal.o
                0x000000000800096c                HAL_IncTick
 .text.HAL_GetTick
                0x0000000008000994       0x18 Drivers/STM32F4xx_HAL_Driver/Src/stm32f4xx_hal.o
                0x0000000008000994                HAL_GetTick
 .text.HAL_Delay
                0x00000000080009ac       0x44 Drivers/STM32F4xx_HAL_Driver/Src/stm32f4xx_hal.o
                0x00000000080009ac                HAL_Delay
 .text.__NVIC_SetPriorityGrouping
                0x00000000080009f0       0x48 Drivers/STM32F4xx_HAL_Driver/Src/stm32f4xx_hal_cortex.o
 .text.__NVIC_GetPriorityGrouping
                0x0000000008000a38       0x1c Drivers/STM32F4xx_HAL_Driver/Src/stm32f4xx_hal_cortex.o
 .text.__NVIC_EnableIRQ
                0x0000000008000a54       0x3c Drivers/STM32F4xx_HAL_Driver/Src/stm32f4xx_hal_cortex.o
 .text.__NVIC_SetPriority
                0x0000000008000a90       0x54 Drivers/STM32F4xx_HAL_Driver/Src/stm32f4xx_hal_cortex.o
 .text.NVIC_EncodePriority
                0x0000000008000ae4       0x66 Drivers/STM32F4xx_HAL_Driver/Src/stm32f4xx_hal_cortex.o
 .text.HAL_NVIC_SetPriorityGrouping
                0x0000000008000b4a       0x16 Drivers/STM32F4xx_HAL_Driver/Src/stm32f4xx_hal_cortex.o
                0x0000000008000b4a                HAL_NVIC_SetPriorityGrouping
 .text.HAL_NVIC_SetPriority
                0x0000000008000b60       0x38 Drivers/STM32F4xx_HAL_Driver/Src/stm32f4xx_hal_cortex.o
                0x0000000008000b60                HAL_NVIC_SetPriority
 .text.HAL_NVIC_EnableIRQ
                0x0000000008000b98       0x1c Drivers/STM32F4xx_HAL_Driver/Src/stm32f4xx_hal_cortex.o
                0x0000000008000b98                HAL_NVIC_EnableIRQ
 .text.HAL_DMA_Init
                0x0000000008000bb4      0x15c Drivers/STM32F4xx_HAL_Driver/Src/stm32f4xx_hal_dma.o
                0x0000000008000bb4                HAL_DMA_Init
 .text.HAL_DMA_Start_IT
                0x0000000008000d10       0xc0 Drivers/STM32F4xx_HAL_Driver/Src/stm32f4xx_hal_dma.o
                0x0000000008000d10                HAL_DMA_Start_IT
 .text.HAL_DMA_Abort
                0x0000000008000dd0       0xe0 Drivers/STM32F4xx_HAL_Driver/Src/stm32f4xx_hal_dma.o
                0x0000000008000dd0                HAL_DMA_Abort
 .text.HAL_DMA_IRQHandler
                0x0000000008000eb0      0x314 Drivers/STM32F4xx_HAL_Driver/Src/stm32f4xx_hal_dma.o
                0x0000000008000eb0                HAL_DMA_IRQHandler
 .text.DMA_SetConfig
                0x00000000080011c4       0x5c Drivers/STM32F4xx_HAL_Driver/Src/stm32f4xx_hal_dma.o
 .text.DMA_CalcBaseAndBitshift
                0x0000000008001220       0x6c Drivers/STM32F4xx_HAL_Driver/Src/stm32f4xx_hal_dma.o
 .text.DMA_CheckFifoParam
                0x000000000800128c       0xf4 Drivers/STM32F4xx_HAL_Driver/Src/stm32f4xx_hal_dma.o
 .text.HAL_GPIO_Init
                0x0000000008001380      0x334 Drivers/STM32F4xx_HAL_Driver/Src/stm32f4xx_hal_gpio.o
                0x0000000008001380                HAL_GPIO_Init
 .text.HAL_GPIO_WritePin
                0x00000000080016b4       0x32 Drivers/STM32F4xx_HAL_Driver/Src/stm32f4xx_hal_gpio.o
                0x00000000080016b4                HAL_GPIO_WritePin
 .text.HAL_GPIO_TogglePin
                0x00000000080016e6       0x36 Drivers/STM32F4xx_HAL_Driver/Src/stm32f4xx_hal_gpio.o
                0x00000000080016e6                HAL_GPIO_TogglePin
 .text.HAL_HCD_Init
                0x000000000800171c       0xc4 Drivers/STM32F4xx_HAL_Driver/Src/stm32f4xx_hal_hcd.o
                0x000000000800171c                HAL_HCD_Init
 .text.HAL_HCD_HC_Init
                0x00000000080017e0      0x130 Drivers/STM32F4xx_HAL_Driver/Src/stm32f4xx_hal_hcd.o
                0x00000000080017e0                HAL_HCD_HC_Init
 .text.HAL_HCD_HC_Halt
                0x0000000008001910       0x46 Drivers/STM32F4xx_HAL_Driver/Src/stm32f4xx_hal_hcd.o
                0x0000000008001910                HAL_HCD_HC_Halt
 *fill*         0x0000000008001956        0x2 
 .text.HAL_HCD_HC_SubmitRequest
                0x0000000008001958      0x2d0 Drivers/STM32F4xx_HAL_Driver/Src/stm32f4xx_hal_hcd.o
                0x0000000008001958                HAL_HCD_HC_SubmitRequest
 .text.HAL_HCD_IRQHandler
                0x0000000008001c28      0x20c Drivers/STM32F4xx_HAL_Driver/Src/stm32f4xx_hal_hcd.o
                0x0000000008001c28                HAL_HCD_IRQHandler
 .text.HAL_HCD_Start
                0x0000000008001e34       0x46 Drivers/STM32F4xx_HAL_Driver/Src/stm32f4xx_hal_hcd.o
                0x0000000008001e34                HAL_HCD_Start
 .text.HAL_HCD_Stop
                0x0000000008001e7a       0x3a Drivers/STM32F4xx_HAL_Driver/Src/stm32f4xx_hal_hcd.o
                0x0000000008001e7a                HAL_HCD_Stop
 .text.HAL_HCD_ResetPort
                0x0000000008001eb4       0x1c Drivers/STM32F4xx_HAL_Driver/Src/stm32f4xx_hal_hcd.o
                0x0000000008001eb4                HAL_HCD_ResetPort
 .text.HAL_HCD_HC_GetURBState
                0x0000000008001ed0       0x2a Drivers/STM32F4xx_HAL_Driver/Src/stm32f4xx_hal_hcd.o
                0x0000000008001ed0                HAL_HCD_HC_GetURBState
 .text.HAL_HCD_HC_GetXferCount
                0x0000000008001efa       0x2a Drivers/STM32F4xx_HAL_Driver/Src/stm32f4xx_hal_hcd.o
                0x0000000008001efa                HAL_HCD_HC_GetXferCount
 .text.HAL_HCD_GetCurrentFrame
                0x0000000008001f24       0x1c Drivers/STM32F4xx_HAL_Driver/Src/stm32f4xx_hal_hcd.o
                0x0000000008001f24                HAL_HCD_GetCurrentFrame
 .text.HAL_HCD_GetCurrentSpeed
                0x0000000008001f40       0x1c Drivers/STM32F4xx_HAL_Driver/Src/stm32f4xx_hal_hcd.o
                0x0000000008001f40                HAL_HCD_GetCurrentSpeed
 .text.HCD_HC_IN_IRQHandler
                0x0000000008001f5c      0x72e Drivers/STM32F4xx_HAL_Driver/Src/stm32f4xx_hal_hcd.o
 .text.HCD_HC_OUT_IRQHandler
                0x000000000800268a      0x6ea Drivers/STM32F4xx_HAL_Driver/Src/stm32f4xx_hal_hcd.o
 .text.HCD_RXQLVL_IRQHandler
                0x0000000008002d74      0x158 Drivers/STM32F4xx_HAL_Driver/Src/stm32f4xx_hal_hcd.o
 .text.HCD_Port_IRQHandler
                0x0000000008002ecc      0x120 Drivers/STM32F4xx_HAL_Driver/Src/stm32f4xx_hal_hcd.o
 .text.HAL_I2S_Init
                0x0000000008002fec      0x280 Drivers/STM32F4xx_HAL_Driver/Src/stm32f4xx_hal_i2s.o
                0x0000000008002fec                HAL_I2S_Init
 .text.HAL_I2S_Receive_DMA
                0x000000000800326c      0x178 Drivers/STM32F4xx_HAL_Driver/Src/stm32f4xx_hal_i2s.o
                0x000000000800326c                HAL_I2S_Receive_DMA
 .text.HAL_I2S_DMAStop
                0x00000000080033e4      0x138 Drivers/STM32F4xx_HAL_Driver/Src/stm32f4xx_hal_i2s.o
                0x00000000080033e4                HAL_I2S_DMAStop
 .text.HAL_I2S_TxCpltCallback
                0x000000000800351c       0x14 Drivers/STM32F4xx_HAL_Driver/Src/stm32f4xx_hal_i2s.o
                0x000000000800351c                HAL_I2S_TxCpltCallback
 .text.HAL_I2S_ErrorCallback
                0x0000000008003530       0x14 Drivers/STM32F4xx_HAL_Driver/Src/stm32f4xx_hal_i2s.o
                0x0000000008003530                HAL_I2S_ErrorCallback
 .text.I2S_DMARxCplt
                0x0000000008003544       0x42 Drivers/STM32F4xx_HAL_Driver/Src/stm32f4xx_hal_i2s.o
 .text.I2S_DMARxHalfCplt
                0x0000000008003586       0x1c Drivers/STM32F4xx_HAL_Driver/Src/stm32f4xx_hal_i2s.o
 .text.I2S_DMAError
                0x00000000080035a2       0x4c Drivers/STM32F4xx_HAL_Driver/Src/stm32f4xx_hal_i2s.o
 .text.I2S_Transmit_IT
                0x00000000080035ee       0x5c Drivers/STM32F4xx_HAL_Driver/Src/stm32f4xx_hal_i2s.o
 .text.I2S_Receive_IT
                0x000000000800364a       0x5e Drivers/STM32F4xx_HAL_Driver/Src/stm32f4xx_hal_i2s.o
 .text.I2S_IRQHandler
                0x00000000080036a8      0x114 Drivers/STM32F4xx_HAL_Driver/Src/stm32f4xx_hal_i2s.o
 .text.HAL_I2SEx_FullDuplex_IRQHandler
                0x00000000080037bc      0x2a8 Drivers/STM32F4xx_HAL_Driver/Src/stm32f4xx_hal_i2s_ex.o
                0x00000000080037bc                HAL_I2SEx_FullDuplex_IRQHandler
 .text.HAL_I2SEx_TxRxCpltCallback
                0x0000000008003a64       0x14 Drivers/STM32F4xx_HAL_Driver/Src/stm32f4xx_hal_i2s_ex.o
                0x0000000008003a64                HAL_I2SEx_TxRxCpltCallback
 .text.I2SEx_TxISR_I2S
                0x0000000008003a78       0x62 Drivers/STM32F4xx_HAL_Driver/Src/stm32f4xx_hal_i2s_ex.o
 *fill*         0x0000000008003ada        0x2 
 .text.I2SEx_TxISR_I2SExt
                0x0000000008003adc       0x98 Drivers/STM32F4xx_HAL_Driver/Src/stm32f4xx_hal_i2s_ex.o
 .text.I2SEx_RxISR_I2S
                0x0000000008003b74       0x64 Drivers/STM32F4xx_HAL_Driver/Src/stm32f4xx_hal_i2s_ex.o
 .text.I2SEx_RxISR_I2SExt
                0x0000000008003bd8       0x98 Drivers/STM32F4xx_HAL_Driver/Src/stm32f4xx_hal_i2s_ex.o
 .text.HAL_RCC_OscConfig
                0x0000000008003c70      0x484 Drivers/STM32F4xx_HAL_Driver/Src/stm32f4xx_hal_rcc.o
                0x0000000008003c70                HAL_RCC_OscConfig
 .text.HAL_RCC_ClockConfig
                0x00000000080040f4      0x1c4 Drivers/STM32F4xx_HAL_Driver/Src/stm32f4xx_hal_rcc.o
                0x00000000080040f4                HAL_RCC_ClockConfig
 .text.HAL_RCC_GetSysClockFreq
                0x00000000080042b8      0x1b0 Drivers/STM32F4xx_HAL_Driver/Src/stm32f4xx_hal_rcc.o
                0x00000000080042b8                HAL_RCC_GetSysClockFreq
 .text.HAL_RCC_GetHCLKFreq
                0x0000000008004468       0x18 Drivers/STM32F4xx_HAL_Driver/Src/stm32f4xx_hal_rcc.o
                0x0000000008004468                HAL_RCC_GetHCLKFreq
 .text.HAL_RCC_GetPCLK2Freq
                0x0000000008004480       0x28 Drivers/STM32F4xx_HAL_Driver/Src/stm32f4xx_hal_rcc.o
                0x0000000008004480                HAL_RCC_GetPCLK2Freq
 .text.HAL_RCC_GetClockConfig
                0x00000000080044a8       0x64 Drivers/STM32F4xx_HAL_Driver/Src/stm32f4xx_hal_rcc.o
                0x00000000080044a8                HAL_RCC_GetClockConfig
 .text.HAL_RCCEx_PeriphCLKConfig
                0x000000000800450c      0x1c4 Drivers/STM32F4xx_HAL_Driver/Src/stm32f4xx_hal_rcc_ex.o
                0x000000000800450c                HAL_RCCEx_PeriphCLKConfig
 .text.HAL_RCCEx_GetPeriphCLKFreq
                0x00000000080046d0       0xb8 Drivers/STM32F4xx_HAL_Driver/Src/stm32f4xx_hal_rcc_ex.o
                0x00000000080046d0                HAL_RCCEx_GetPeriphCLKFreq
 .text.HAL_TIM_Base_Init
                0x0000000008004788       0x56 Drivers/STM32F4xx_HAL_Driver/Src/stm32f4xx_hal_tim.o
                0x0000000008004788                HAL_TIM_Base_Init
 .text.HAL_TIM_Base_MspInit
                0x00000000080047de       0x14 Drivers/STM32F4xx_HAL_Driver/Src/stm32f4xx_hal_tim.o
                0x00000000080047de                HAL_TIM_Base_MspInit
 .text.HAL_TIM_Base_Start_IT
                0x00000000080047f2       0x48 Drivers/STM32F4xx_HAL_Driver/Src/stm32f4xx_hal_tim.o
                0x00000000080047f2                HAL_TIM_Base_Start_IT
 .text.HAL_TIM_IRQHandler
                0x000000000800483a      0x210 Drivers/STM32F4xx_HAL_Driver/Src/stm32f4xx_hal_tim.o
                0x000000000800483a                HAL_TIM_IRQHandler
 .text.HAL_TIM_OC_DelayElapsedCallback
                0x0000000008004a4a       0x14 Drivers/STM32F4xx_HAL_Driver/Src/stm32f4xx_hal_tim.o
                0x0000000008004a4a                HAL_TIM_OC_DelayElapsedCallback
 .text.HAL_TIM_IC_CaptureCallback
                0x0000000008004a5e       0x14 Drivers/STM32F4xx_HAL_Driver/Src/stm32f4xx_hal_tim.o
                0x0000000008004a5e                HAL_TIM_IC_CaptureCallback
 .text.HAL_TIM_PWM_PulseFinishedCallback
                0x0000000008004a72       0x14 Drivers/STM32F4xx_HAL_Driver/Src/stm32f4xx_hal_tim.o
                0x0000000008004a72                HAL_TIM_PWM_PulseFinishedCallback
 .text.HAL_TIM_TriggerCallback
                0x0000000008004a86       0x14 Drivers/STM32F4xx_HAL_Driver/Src/stm32f4xx_hal_tim.o
                0x0000000008004a86                HAL_TIM_TriggerCallback
 *fill*         0x0000000008004a9a        0x2 
 .text.TIM_Base_SetConfig
                0x0000000008004a9c      0x140 Drivers/STM32F4xx_HAL_Driver/Src/stm32f4xx_hal_tim.o
                0x0000000008004a9c                TIM_Base_SetConfig
 .text.HAL_TIMEx_CommutCallback
                0x0000000008004bdc       0x14 Drivers/STM32F4xx_HAL_Driver/Src/stm32f4xx_hal_tim_ex.o
                0x0000000008004bdc                HAL_TIMEx_CommutCallback
 .text.HAL_TIMEx_BreakCallback
                0x0000000008004bf0       0x14 Drivers/STM32F4xx_HAL_Driver/Src/stm32f4xx_hal_tim_ex.o
                0x0000000008004bf0                HAL_TIMEx_BreakCallback
 .text.USB_CoreInit
                0x0000000008004c04       0xc2 Drivers/STM32F4xx_HAL_Driver/Src/stm32f4xx_ll_usb.o
                0x0000000008004c04                USB_CoreInit
 .text.USB_EnableGlobalInt
                0x0000000008004cc6       0x22 Drivers/STM32F4xx_HAL_Driver/Src/stm32f4xx_ll_usb.o
                0x0000000008004cc6                USB_EnableGlobalInt
 .text.USB_DisableGlobalInt
                0x0000000008004ce8       0x22 Drivers/STM32F4xx_HAL_Driver/Src/stm32f4xx_ll_usb.o
                0x0000000008004ce8                USB_DisableGlobalInt
 .text.USB_SetCurrentMode
                0x0000000008004d0a       0x54 Drivers/STM32F4xx_HAL_Driver/Src/stm32f4xx_ll_usb.o
                0x0000000008004d0a                USB_SetCurrentMode
 *fill*         0x0000000008004d5e        0x2 
 .text.USB_FlushTxFifo
                0x0000000008004d60       0x4c Drivers/STM32F4xx_HAL_Driver/Src/stm32f4xx_ll_usb.o
                0x0000000008004d60                USB_FlushTxFifo
 .text.USB_FlushRxFifo
                0x0000000008004dac       0x44 Drivers/STM32F4xx_HAL_Driver/Src/stm32f4xx_ll_usb.o
                0x0000000008004dac                USB_FlushRxFifo
 .text.USB_WritePacket
                0x0000000008004df0       0x6a Drivers/STM32F4xx_HAL_Driver/Src/stm32f4xx_ll_usb.o
                0x0000000008004df0                USB_WritePacket
 .text.USB_ReadPacket
                0x0000000008004e5a       0x52 Drivers/STM32F4xx_HAL_Driver/Src/stm32f4xx_ll_usb.o
                0x0000000008004e5a                USB_ReadPacket
 .text.USB_ReadInterrupts
                0x0000000008004eac       0x26 Drivers/STM32F4xx_HAL_Driver/Src/stm32f4xx_ll_usb.o
                0x0000000008004eac                USB_ReadInterrupts
 .text.USB_GetMode
                0x0000000008004ed2       0x1c Drivers/STM32F4xx_HAL_Driver/Src/stm32f4xx_ll_usb.o
                0x0000000008004ed2                USB_GetMode
 *fill*         0x0000000008004eee        0x2 
 .text.USB_CoreReset
                0x0000000008004ef0       0x68 Drivers/STM32F4xx_HAL_Driver/Src/stm32f4xx_ll_usb.o
 .text.USB_HostInit
                0x0000000008004f58      0x178 Drivers/STM32F4xx_HAL_Driver/Src/stm32f4xx_ll_usb.o
                0x0000000008004f58                USB_HostInit
 .text.USB_InitFSLSPClkSel
                0x00000000080050d0       0x74 Drivers/STM32F4xx_HAL_Driver/Src/stm32f4xx_ll_usb.o
                0x00000000080050d0                USB_InitFSLSPClkSel
 .text.USB_ResetPort
                0x0000000008005144       0x54 Drivers/STM32F4xx_HAL_Driver/Src/stm32f4xx_ll_usb.o
                0x0000000008005144                USB_ResetPort
 .text.USB_DriveVbus
                0x0000000008005198       0x72 Drivers/STM32F4xx_HAL_Driver/Src/stm32f4xx_ll_usb.o
                0x0000000008005198                USB_DriveVbus
 .text.USB_GetHostSpeed
                0x000000000800520a       0x2e Drivers/STM32F4xx_HAL_Driver/Src/stm32f4xx_ll_usb.o
                0x000000000800520a                USB_GetHostSpeed
 .text.USB_GetCurrentFrame
                0x0000000008005238       0x22 Drivers/STM32F4xx_HAL_Driver/Src/stm32f4xx_ll_usb.o
                0x0000000008005238                USB_GetCurrentFrame
 *fill*         0x000000000800525a        0x2 
 .text.USB_HC_Init
                0x000000000800525c      0x214 Drivers/STM32F4xx_HAL_Driver/Src/stm32f4xx_ll_usb.o
                0x000000000800525c                USB_HC_Init
 .text.USB_HC_StartXfer
                0x0000000008005470      0x288 Drivers/STM32F4xx_HAL_Driver/Src/stm32f4xx_ll_usb.o
                0x0000000008005470                USB_HC_StartXfer
 .text.USB_HC_ReadInterrupt
                0x00000000080056f8       0x22 Drivers/STM32F4xx_HAL_Driver/Src/stm32f4xx_ll_usb.o
                0x00000000080056f8                USB_HC_ReadInterrupt
 .text.USB_HC_Halt
                0x000000000800571a      0x1fe Drivers/STM32F4xx_HAL_Driver/Src/stm32f4xx_ll_usb.o
                0x000000000800571a                USB_HC_Halt
 .text.USB_DoPing
                0x0000000008005918       0x78 Drivers/STM32F4xx_HAL_Driver/Src/stm32f4xx_ll_usb.o
                0x0000000008005918                USB_DoPing
 .text.USB_StopHost
                0x0000000008005990      0x10c Drivers/STM32F4xx_HAL_Driver/Src/stm32f4xx_ll_usb.o
                0x0000000008005990                USB_StopHost
 .text.USBH_MSC_InterfaceInit
                0x0000000008005a9c      0x254 Middlewares/ST/STM32_USB_Host_Library/Class/MSC/Src/usbh_msc.o
 .text.USBH_MSC_InterfaceDeInit
                0x0000000008005cf0       0x8c Middlewares/ST/STM32_USB_Host_Library/Class/MSC/Src/usbh_msc.o
 .text.USBH_MSC_ClassRequest
                0x0000000008005d7c       0xc8 Middlewares/ST/STM32_USB_Host_Library/Class/MSC/Src/usbh_msc.o
 .text.USBH_MSC_Process
                0x0000000008005e44      0x558 Middlewares/ST/STM32_USB_Host_Library/Class/MSC/Src/usbh_msc.o
 .text.USBH_MSC_SOFProcess
                0x000000000800639c       0x16 Middlewares/ST/STM32_USB_Host_Library/Class/MSC/Src/usbh_msc.o
 .text.USBH_MSC_RdWrProcess
                0x00000000080063b2      0x1e0 Middlewares/ST/STM32_USB_Host_Library/Class/MSC/Src/usbh_msc.o
 .text.USBH_MSC_UnitIsReady
                0x0000000008006592       0x4c Middlewares/ST/STM32_USB_Host_Library/Class/MSC/Src/usbh_msc.o
                0x0000000008006592                USBH_MSC_UnitIsReady
 .text.USBH_MSC_GetLUNInfo
                0x00000000080065de       0x48 Middlewares/ST/STM32_USB_Host_Library/Class/MSC/Src/usbh_msc.o
                0x00000000080065de                USBH_MSC_GetLUNInfo
 .text.USBH_MSC_Read
                0x0000000008006626       0xd2 Middlewares/ST/STM32_USB_Host_Library/Class/MSC/Src/usbh_msc.o
                0x0000000008006626                USBH_MSC_Read
 .text.USBH_MSC_Write
                0x00000000080066f8       0xd2 Middlewares/ST/STM32_USB_Host_Library/Class/MSC/Src/usbh_msc.o
                0x00000000080066f8                USBH_MSC_Write
 .text.USBH_MSC_BOT_REQ_Reset
                0x00000000080067ca       0x3a Middlewares/ST/STM32_USB_Host_Library/Class/MSC/Src/usbh_msc_bot.o
                0x00000000080067ca                USBH_MSC_BOT_REQ_Reset
 .text.USBH_MSC_BOT_REQ_GetMaxLUN
                0x0000000008006804       0x3c Middlewares/ST/STM32_USB_Host_Library/Class/MSC/Src/usbh_msc_bot.o
                0x0000000008006804                USBH_MSC_BOT_REQ_GetMaxLUN
 .text.USBH_MSC_BOT_Init
                0x0000000008006840       0x44 Middlewares/ST/STM32_USB_Host_Library/Class/MSC/Src/usbh_msc_bot.o
                0x0000000008006840                USBH_MSC_BOT_Init
 .text.USBH_MSC_BOT_Process
                0x0000000008006884      0x4bc Middlewares/ST/STM32_USB_Host_Library/Class/MSC/Src/usbh_msc_bot.o
                0x0000000008006884                USBH_MSC_BOT_Process
 .text.USBH_MSC_BOT_Abort
                0x0000000008006d40       0x58 Middlewares/ST/STM32_USB_Host_Library/Class/MSC/Src/usbh_msc_bot.o
 .text.USBH_MSC_DecodeCSW
                0x0000000008006d98       0x88 Middlewares/ST/STM32_USB_Host_Library/Class/MSC/Src/usbh_msc_bot.o
 .text.USBH_MSC_SCSI_TestUnitReady
                0x0000000008006e20       0x86 Middlewares/ST/STM32_USB_Host_Library/Class/MSC/Src/usbh_msc_scsi.o
                0x0000000008006e20                USBH_MSC_SCSI_TestUnitReady
 .text.USBH_MSC_SCSI_ReadCapacity
                0x0000000008006ea6       0xf6 Middlewares/ST/STM32_USB_Host_Library/Class/MSC/Src/usbh_msc_scsi.o
                0x0000000008006ea6                USBH_MSC_SCSI_ReadCapacity
 .text.USBH_MSC_SCSI_Inquiry
                0x0000000008006f9c      0x14a Middlewares/ST/STM32_USB_Host_Library/Class/MSC/Src/usbh_msc_scsi.o
                0x0000000008006f9c                USBH_MSC_SCSI_Inquiry
 .text.USBH_MSC_SCSI_RequestSense
                0x00000000080070e6       0xf2 Middlewares/ST/STM32_USB_Host_Library/Class/MSC/Src/usbh_msc_scsi.o
                0x00000000080070e6                USBH_MSC_SCSI_RequestSense
 .text.USBH_MSC_SCSI_Write
                0x00000000080071d8       0xd6 Middlewares/ST/STM32_USB_Host_Library/Class/MSC/Src/usbh_msc_scsi.o
                0x00000000080071d8                USBH_MSC_SCSI_Write
 .text.USBH_MSC_SCSI_Read
                0x00000000080072ae       0xd6 Middlewares/ST/STM32_USB_Host_Library/Class/MSC/Src/usbh_msc_scsi.o
                0x00000000080072ae                USBH_MSC_SCSI_Read
 .text.USBH_Init
                0x0000000008007384       0x98 Middlewares/ST/STM32_USB_Host_Library/Core/Src/usbh_core.o
                0x0000000008007384                USBH_Init
 .text.DeInitStateMachine
                0x000000000800741c       0x92 Middlewares/ST/STM32_USB_Host_Library/Core/Src/usbh_core.o
 .text.USBH_RegisterClass
                0x00000000080074ae       0x56 Middlewares/ST/STM32_USB_Host_Library/Core/Src/usbh_core.o
                0x00000000080074ae                USBH_RegisterClass
 .text.USBH_SelectInterface
                0x0000000008007504       0x38 Middlewares/ST/STM32_USB_Host_Library/Core/Src/usbh_core.o
                0x0000000008007504                USBH_SelectInterface
 .text.USBH_FindInterface
                0x000000000800753c       0x8c Middlewares/ST/STM32_USB_Host_Library/Core/Src/usbh_core.o
                0x000000000800753c                USBH_FindInterface
 .text.USBH_Start
                0x00000000080075c8       0x20 Middlewares/ST/STM32_USB_Host_Library/Core/Src/usbh_core.o
                0x00000000080075c8                USBH_Start
 .text.USBH_Process
                0x00000000080075e8      0x3c0 Middlewares/ST/STM32_USB_Host_Library/Core/Src/usbh_core.o
                0x00000000080075e8                USBH_Process
 .text.USBH_HandleEnum
                0x00000000080079a8      0x2a8 Middlewares/ST/STM32_USB_Host_Library/Core/Src/usbh_core.o
 .text.USBH_LL_SetTimer
                0x0000000008007c50       0x1e Middlewares/ST/STM32_USB_Host_Library/Core/Src/usbh_core.o
                0x0000000008007c50                USBH_LL_SetTimer
 .text.USBH_LL_IncTimer
                0x0000000008007c6e       0x24 Middlewares/ST/STM32_USB_Host_Library/Core/Src/usbh_core.o
                0x0000000008007c6e                USBH_LL_IncTimer
 .text.USBH_HandleSof
                0x0000000008007c92       0x30 Middlewares/ST/STM32_USB_Host_Library/Core/Src/usbh_core.o
 .text.USBH_LL_PortEnabled
                0x0000000008007cc2       0x1c Middlewares/ST/STM32_USB_Host_Library/Core/Src/usbh_core.o
                0x0000000008007cc2                USBH_LL_PortEnabled
 .text.USBH_LL_PortDisabled
                0x0000000008007cde       0x1c Middlewares/ST/STM32_USB_Host_Library/Core/Src/usbh_core.o
                0x0000000008007cde                USBH_LL_PortDisabled
 .text.USBH_IsPortEnabled
                0x0000000008007cfa       0x1a Middlewares/ST/STM32_USB_Host_Library/Core/Src/usbh_core.o
                0x0000000008007cfa                USBH_IsPortEnabled
 .text.USBH_LL_Connect
                0x0000000008007d14       0x68 Middlewares/ST/STM32_USB_Host_Library/Core/Src/usbh_core.o
                0x0000000008007d14                USBH_LL_Connect
 .text.USBH_LL_Disconnect
                0x0000000008007d7c       0x76 Middlewares/ST/STM32_USB_Host_Library/Core/Src/usbh_core.o
                0x0000000008007d7c                USBH_LL_Disconnect
 .text.USBH_Process_OS
                0x0000000008007df2       0x2e Middlewares/ST/STM32_USB_Host_Library/Core/Src/usbh_core.o
 .text.USBH_LL_NotifyURBChange
                0x0000000008007e20       0x2e Middlewares/ST/STM32_USB_Host_Library/Core/Src/usbh_core.o
                0x0000000008007e20                USBH_LL_NotifyURBChange
 .text.USBH_Get_DevDesc
                0x0000000008007e4e       0x50 Middlewares/ST/STM32_USB_Host_Library/Core/Src/usbh_ctlreq.o
                0x0000000008007e4e                USBH_Get_DevDesc
 .text.USBH_Get_CfgDesc
                0x0000000008007e9e       0x48 Middlewares/ST/STM32_USB_Host_Library/Core/Src/usbh_ctlreq.o
                0x0000000008007e9e                USBH_Get_CfgDesc
 .text.USBH_Get_StringDesc
                0x0000000008007ee6       0x56 Middlewares/ST/STM32_USB_Host_Library/Core/Src/usbh_ctlreq.o
                0x0000000008007ee6                USBH_Get_StringDesc
 .text.USBH_GetDescriptor
                0x0000000008007f3c       0x6a Middlewares/ST/STM32_USB_Host_Library/Core/Src/usbh_ctlreq.o
                0x0000000008007f3c                USBH_GetDescriptor
 .text.USBH_SetAddress
                0x0000000008007fa6       0x48 Middlewares/ST/STM32_USB_Host_Library/Core/Src/usbh_ctlreq.o
                0x0000000008007fa6                USBH_SetAddress
 .text.USBH_SetCfg
                0x0000000008007fee       0x46 Middlewares/ST/STM32_USB_Host_Library/Core/Src/usbh_ctlreq.o
                0x0000000008007fee                USBH_SetCfg
 .text.USBH_SetFeature
                0x0000000008008034       0x48 Middlewares/ST/STM32_USB_Host_Library/Core/Src/usbh_ctlreq.o
                0x0000000008008034                USBH_SetFeature
 .text.USBH_ClrFeature
                0x000000000800807c       0x48 Middlewares/ST/STM32_USB_Host_Library/Core/Src/usbh_ctlreq.o
                0x000000000800807c                USBH_ClrFeature
 .text.USBH_ParseDevDesc
                0x00000000080080c4       0xe0 Middlewares/ST/STM32_USB_Host_Library/Core/Src/usbh_ctlreq.o
 .text.USBH_ParseCfgDesc
                0x00000000080081a4      0x144 Middlewares/ST/STM32_USB_Host_Library/Core/Src/usbh_ctlreq.o
 .text.USBH_ParseInterfaceDesc
                0x00000000080082e8       0x5e Middlewares/ST/STM32_USB_Host_Library/Core/Src/usbh_ctlreq.o
 .text.USBH_ParseEPDesc
                0x0000000008008346       0x5a Middlewares/ST/STM32_USB_Host_Library/Core/Src/usbh_ctlreq.o
 .text.USBH_ParseStringDesc
                0x00000000080083a0       0x66 Middlewares/ST/STM32_USB_Host_Library/Core/Src/usbh_ctlreq.o
 .text.USBH_GetNextDesc
                0x0000000008008406       0x36 Middlewares/ST/STM32_USB_Host_Library/Core/Src/usbh_ctlreq.o
                0x0000000008008406                USBH_GetNextDesc
 .text.USBH_CtlReq
                0x000000000800843c       0xb0 Middlewares/ST/STM32_USB_Host_Library/Core/Src/usbh_ctlreq.o
                0x000000000800843c                USBH_CtlReq
 .text.USBH_HandleControl
                0x00000000080084ec      0x47c Middlewares/ST/STM32_USB_Host_Library/Core/Src/usbh_ctlreq.o
 .text.USBH_CtlSendSetup
                0x0000000008008968       0x34 Middlewares/ST/STM32_USB_Host_Library/Core/Src/usbh_ioreq.o
                0x0000000008008968                USBH_CtlSendSetup
 .text.USBH_CtlSendData
                0x000000000800899c       0x4a Middlewares/ST/STM32_USB_Host_Library/Core/Src/usbh_ioreq.o
                0x000000000800899c                USBH_CtlSendData
 .text.USBH_CtlReceiveData
                0x00000000080089e6       0x3c Middlewares/ST/STM32_USB_Host_Library/Core/Src/usbh_ioreq.o
                0x00000000080089e6                USBH_CtlReceiveData
 .text.USBH_BulkSendData
                0x0000000008008a22       0x4a Middlewares/ST/STM32_USB_Host_Library/Core/Src/usbh_ioreq.o
                0x0000000008008a22                USBH_BulkSendData
 .text.USBH_BulkReceiveData
                0x0000000008008a6c       0x3c Middlewares/ST/STM32_USB_Host_Library/Core/Src/usbh_ioreq.o
                0x0000000008008a6c                USBH_BulkReceiveData
 .text.USBH_OpenPipe
                0x0000000008008aa8       0x3e Middlewares/ST/STM32_USB_Host_Library/Core/Src/usbh_pipes.o
                0x0000000008008aa8                USBH_OpenPipe
 .text.USBH_ClosePipe
                0x0000000008008ae6       0x20 Middlewares/ST/STM32_USB_Host_Library/Core/Src/usbh_pipes.o
                0x0000000008008ae6                USBH_ClosePipe
 .text.USBH_AllocPipe
                0x0000000008008b06       0x3c Middlewares/ST/STM32_USB_Host_Library/Core/Src/usbh_pipes.o
                0x0000000008008b06                USBH_AllocPipe
 .text.USBH_FreePipe
                0x0000000008008b42       0x38 Middlewares/ST/STM32_USB_Host_Library/Core/Src/usbh_pipes.o
                0x0000000008008b42                USBH_FreePipe
 .text.USBH_GetFreePipe
                0x0000000008008b7a       0x46 Middlewares/ST/STM32_USB_Host_Library/Core/Src/usbh_pipes.o
 .text.disk_status
                0x0000000008008bc0       0x34 Middlewares/Third_Party/FatFs/src/diskio.o
                0x0000000008008bc0                disk_status
 .text.disk_initialize
                0x0000000008008bf4       0x4c Middlewares/Third_Party/FatFs/src/diskio.o
                0x0000000008008bf4                disk_initialize
 .text.disk_read
                0x0000000008008c40       0x40 Middlewares/Third_Party/FatFs/src/diskio.o
                0x0000000008008c40                disk_read
 .text.disk_write
                0x0000000008008c80       0x40 Middlewares/Third_Party/FatFs/src/diskio.o
                0x0000000008008c80                disk_write
 .text.disk_ioctl
                0x0000000008008cc0       0x3c Middlewares/Third_Party/FatFs/src/diskio.o
                0x0000000008008cc0                disk_ioctl
 .text.ld_word  0x0000000008008cfc       0x30 Middlewares/Third_Party/FatFs/src/ff.o
 .text.ld_dword
                0x0000000008008d2c       0x46 Middlewares/Third_Party/FatFs/src/ff.o
 .text.st_word  0x0000000008008d72       0x36 Middlewares/Third_Party/FatFs/src/ff.o
 .text.st_dword
                0x0000000008008da8       0x58 Middlewares/Third_Party/FatFs/src/ff.o
 .text.mem_cpy  0x0000000008008e00       0x42 Middlewares/Third_Party/FatFs/src/ff.o
 .text.mem_set  0x0000000008008e42       0x34 Middlewares/Third_Party/FatFs/src/ff.o
 .text.mem_cmp  0x0000000008008e76       0x4e Middlewares/Third_Party/FatFs/src/ff.o
 .text.chk_chr  0x0000000008008ec4       0x36 Middlewares/Third_Party/FatFs/src/ff.o
 .text.lock_fs  0x0000000008008efa       0x2c Middlewares/Third_Party/FatFs/src/ff.o
 .text.unlock_fs
                0x0000000008008f26       0x36 Middlewares/Third_Party/FatFs/src/ff.o
 .text.chk_lock
                0x0000000008008f5c       0xb8 Middlewares/Third_Party/FatFs/src/ff.o
 .text.enq_lock
                0x0000000008009014       0x44 Middlewares/Third_Party/FatFs/src/ff.o
 .text.inc_lock
                0x0000000008009058      0x11c Middlewares/Third_Party/FatFs/src/ff.o
 .text.dec_lock
                0x0000000008009174       0x78 Middlewares/Third_Party/FatFs/src/ff.o
 .text.clear_lock
                0x00000000080091ec       0x48 Middlewares/Third_Party/FatFs/src/ff.o
 .text.sync_window
                0x0000000008009234       0x88 Middlewares/Third_Party/FatFs/src/ff.o
 .text.move_window
                0x00000000080092bc       0x5a Middlewares/Third_Party/FatFs/src/ff.o
 *fill*         0x0000000008009316        0x2 
 .text.sync_fs  0x0000000008009318       0xdc Middlewares/Third_Party/FatFs/src/ff.o
 .text.clust2sect
                0x00000000080093f4       0x3e Middlewares/Third_Party/FatFs/src/ff.o
 .text.get_fat  0x0000000008009432      0x14a Middlewares/Third_Party/FatFs/src/ff.o
 .text.put_fat  0x000000000800957c      0x1ce Middlewares/Third_Party/FatFs/src/ff.o
 .text.remove_chain
                0x000000000800974a       0xca Middlewares/Third_Party/FatFs/src/ff.o
 .text.create_chain
                0x0000000008009814      0x130 Middlewares/Third_Party/FatFs/src/ff.o
 .text.clmt_clust
                0x0000000008009944       0x68 Middlewares/Third_Party/FatFs/src/ff.o
 .text.dir_sdi  0x00000000080099ac       0xf6 Middlewares/Third_Party/FatFs/src/ff.o
 .text.dir_next
                0x0000000008009aa2      0x18a Middlewares/Third_Party/FatFs/src/ff.o
 .text.dir_alloc
                0x0000000008009c2c       0x8e Middlewares/Third_Party/FatFs/src/ff.o
 .text.ld_clust
                0x0000000008009cba       0x3e Middlewares/Third_Party/FatFs/src/ff.o
 .text.st_clust
                0x0000000008009cf8       0x40 Middlewares/Third_Party/FatFs/src/ff.o
 .text.dir_read
                0x0000000008009d38       0xba Middlewares/Third_Party/FatFs/src/ff.o
 .text.dir_find
                0x0000000008009df2       0xaa Middlewares/Third_Party/FatFs/src/ff.o
 .text.dir_register
                0x0000000008009e9c       0x64 Middlewares/Third_Party/FatFs/src/ff.o
 .text.dir_remove
                0x0000000008009f00       0x3c Middlewares/Third_Party/FatFs/src/ff.o
 .text.create_name
                0x0000000008009f3c      0x128 Middlewares/Third_Party/FatFs/src/ff.o
 .text.follow_path
                0x000000000800a064       0xe2 Middlewares/Third_Party/FatFs/src/ff.o
 .text.get_ldnumber
                0x000000000800a146       0x88 Middlewares/Third_Party/FatFs/src/ff.o
 *fill*         0x000000000800a1ce        0x2 
 .text.check_fs
                0x000000000800a1d0       0xac Middlewares/Third_Party/FatFs/src/ff.o
 .text.find_volume
                0x000000000800a27c      0x4a8 Middlewares/Third_Party/FatFs/src/ff.o
 .text.validate
                0x000000000800a724       0x8e Middlewares/Third_Party/FatFs/src/ff.o
 *fill*         0x000000000800a7b2        0x2 
 .text.f_mount  0x000000000800a7b4       0xc8 Middlewares/Third_Party/FatFs/src/ff.o
                0x000000000800a7b4                f_mount
 .text.f_open   0x000000000800a87c      0x38a Middlewares/Third_Party/FatFs/src/ff.o
                0x000000000800a87c                f_open
 .text.f_write  0x000000000800ac06      0x348 Middlewares/Third_Party/FatFs/src/ff.o
                0x000000000800ac06                f_write
 .text.f_sync   0x000000000800af4e      0x112 Middlewares/Third_Party/FatFs/src/ff.o
                0x000000000800af4e                f_sync
 .text.f_close  0x000000000800b060       0x5e Middlewares/Third_Party/FatFs/src/ff.o
                0x000000000800b060                f_close
 .text.f_lseek  0x000000000800b0be      0x4a6 Middlewares/Third_Party/FatFs/src/ff.o
                0x000000000800b0be                f_lseek
 .text.f_unlink
                0x000000000800b564      0x164 Middlewares/Third_Party/FatFs/src/ff.o
                0x000000000800b564                f_unlink
 .text.FATFS_LinkDriverEx
                0x000000000800b6c8       0x98 Middlewares/Third_Party/FatFs/src/ff_gen_drv.o
                0x000000000800b6c8                FATFS_LinkDriverEx
 .text.FATFS_LinkDriver
                0x000000000800b760       0x1e Middlewares/Third_Party/FatFs/src/ff_gen_drv.o
                0x000000000800b760                FATFS_LinkDriver
 *fill*         0x000000000800b77e        0x2 
 .text.ff_cre_syncobj
                0x000000000800b780       0x4c Middlewares/Third_Party/FatFs/src/option/syscall.o
                0x000000000800b780                ff_cre_syncobj
 .text.ff_del_syncobj
                0x000000000800b7cc       0x18 Middlewares/Third_Party/FatFs/src/option/syscall.o
                0x000000000800b7cc                ff_del_syncobj
 .text.ff_req_grant
                0x000000000800b7e4       0x2a Middlewares/Third_Party/FatFs/src/option/syscall.o
                0x000000000800b7e4                ff_req_grant
 .text.ff_rel_grant
                0x000000000800b80e       0x16 Middlewares/Third_Party/FatFs/src/option/syscall.o
                0x000000000800b80e                ff_rel_grant
 .text.osKernelInitialize
                0x000000000800b824       0x6c Middlewares/Third_Party/FreeRTOS/Source/CMSIS_RTOS_V2/cmsis_os2.o
                0x000000000800b824                osKernelInitialize
 .text.osKernelStart
                0x000000000800b890       0x68 Middlewares/Third_Party/FreeRTOS/Source/CMSIS_RTOS_V2/cmsis_os2.o
                0x000000000800b890                osKernelStart
 .text.osThreadNew
                0x000000000800b8f8      0x158 Middlewares/Third_Party/FreeRTOS/Source/CMSIS_RTOS_V2/cmsis_os2.o
                0x000000000800b8f8                osThreadNew
 .text.osSemaphoreNew
                0x000000000800ba50      0x13c Middlewares/Third_Party/FreeRTOS/Source/CMSIS_RTOS_V2/cmsis_os2.o
                0x000000000800ba50                osSemaphoreNew
 .text.osSemaphoreAcquire
                0x000000000800bb8c       0xcc Middlewares/Third_Party/FreeRTOS/Source/CMSIS_RTOS_V2/cmsis_os2.o
                0x000000000800bb8c                osSemaphoreAcquire
 .text.osSemaphoreRelease
                0x000000000800bc58       0xb0 Middlewares/Third_Party/FreeRTOS/Source/CMSIS_RTOS_V2/cmsis_os2.o
                0x000000000800bc58                osSemaphoreRelease
 .text.osSemaphoreDelete
                0x000000000800bd08       0x6c Middlewares/Third_Party/FreeRTOS/Source/CMSIS_RTOS_V2/cmsis_os2.o
                0x000000000800bd08                osSemaphoreDelete
 .text.osMessageQueueNew
                0x000000000800bd74      0x10c Middlewares/Third_Party/FreeRTOS/Source/CMSIS_RTOS_V2/cmsis_os2.o
                0x000000000800bd74                osMessageQueueNew
 .text.osMessageQueuePut
                0x000000000800be80       0xe8 Middlewares/Third_Party/FreeRTOS/Source/CMSIS_RTOS_V2/cmsis_os2.o
                0x000000000800be80                osMessageQueuePut
 .text.osMessageQueueGet
                0x000000000800bf68       0xe4 Middlewares/Third_Party/FreeRTOS/Source/CMSIS_RTOS_V2/cmsis_os2.o
                0x000000000800bf68                osMessageQueueGet
 .text.vApplicationMallocFailedHook
                0x000000000800c04c        0xe Middlewares/Third_Party/FreeRTOS/Source/CMSIS_RTOS_V2/cmsis_os2.o
                0x000000000800c04c                vApplicationMallocFailedHook
 .text.vApplicationStackOverflowHook
                0x000000000800c05a       0x16 Middlewares/Third_Party/FreeRTOS/Source/CMSIS_RTOS_V2/cmsis_os2.o
                0x000000000800c05a                vApplicationStackOverflowHook
 .text.vApplicationGetIdleTaskMemory
                0x000000000800c070       0x34 Middlewares/Third_Party/FreeRTOS/Source/CMSIS_RTOS_V2/cmsis_os2.o
                0x000000000800c070                vApplicationGetIdleTaskMemory
 .text.vApplicationGetTimerTaskMemory
                0x000000000800c0a4       0x34 Middlewares/Third_Party/FreeRTOS/Source/CMSIS_RTOS_V2/cmsis_os2.o
                0x000000000800c0a4                vApplicationGetTimerTaskMemory
 .text.vListInitialise
                0x000000000800c0d8       0x40 Middlewares/Third_Party/FreeRTOS/Source/list.o
                0x000000000800c0d8                vListInitialise
 .text.vListInitialiseItem
                0x000000000800c118       0x1a Middlewares/Third_Party/FreeRTOS/Source/list.o
                0x000000000800c118                vListInitialiseItem
 .text.vListInsertEnd
                0x000000000800c132       0x48 Middlewares/Third_Party/FreeRTOS/Source/list.o
                0x000000000800c132                vListInsertEnd
 .text.vListInsert
                0x000000000800c17a       0x72 Middlewares/Third_Party/FreeRTOS/Source/list.o
                0x000000000800c17a                vListInsert
 .text.uxListRemove
                0x000000000800c1ec       0x54 Middlewares/Third_Party/FreeRTOS/Source/list.o
                0x000000000800c1ec                uxListRemove
 .text.xQueueGenericReset
                0x000000000800c240       0xd0 Middlewares/Third_Party/FreeRTOS/Source/queue.o
                0x000000000800c240                xQueueGenericReset
 .text.xQueueGenericCreateStatic
                0x000000000800c310       0xe4 Middlewares/Third_Party/FreeRTOS/Source/queue.o
                0x000000000800c310                xQueueGenericCreateStatic
 .text.xQueueGenericCreate
                0x000000000800c3f4       0x7a Middlewares/Third_Party/FreeRTOS/Source/queue.o
                0x000000000800c3f4                xQueueGenericCreate
 .text.prvInitialiseNewQueue
                0x000000000800c46e       0x46 Middlewares/Third_Party/FreeRTOS/Source/queue.o
 .text.xQueueCreateCountingSemaphoreStatic
                0x000000000800c4b4       0x6a Middlewares/Third_Party/FreeRTOS/Source/queue.o
                0x000000000800c4b4                xQueueCreateCountingSemaphoreStatic
 .text.xQueueCreateCountingSemaphore
                0x000000000800c51e       0x62 Middlewares/Third_Party/FreeRTOS/Source/queue.o
                0x000000000800c51e                xQueueCreateCountingSemaphore
 .text.xQueueGenericSend
                0x000000000800c580      0x1f4 Middlewares/Third_Party/FreeRTOS/Source/queue.o
                0x000000000800c580                xQueueGenericSend
 .text.xQueueGenericSendFromISR
                0x000000000800c774      0x128 Middlewares/Third_Party/FreeRTOS/Source/queue.o
                0x000000000800c774                xQueueGenericSendFromISR
 .text.xQueueGiveFromISR
                0x000000000800c89c      0x112 Middlewares/Third_Party/FreeRTOS/Source/queue.o
                0x000000000800c89c                xQueueGiveFromISR
 *fill*         0x000000000800c9ae        0x2 
 .text.xQueueReceive
                0x000000000800c9b0      0x1b8 Middlewares/Third_Party/FreeRTOS/Source/queue.o
                0x000000000800c9b0                xQueueReceive
 .text.xQueueSemaphoreTake
                0x000000000800cb68      0x210 Middlewares/Third_Party/FreeRTOS/Source/queue.o
                0x000000000800cb68                xQueueSemaphoreTake
 .text.xQueueReceiveFromISR
                0x000000000800cd78       0xfa Middlewares/Third_Party/FreeRTOS/Source/queue.o
                0x000000000800cd78                xQueueReceiveFromISR
 .text.vQueueDelete
                0x000000000800ce72       0x44 Middlewares/Third_Party/FreeRTOS/Source/queue.o
                0x000000000800ce72                vQueueDelete
 .text.prvGetDisinheritPriorityAfterTimeout
                0x000000000800ceb6       0x30 Middlewares/Third_Party/FreeRTOS/Source/queue.o
 .text.prvCopyDataToQueue
                0x000000000800cee6       0xd4 Middlewares/Third_Party/FreeRTOS/Source/queue.o
 .text.prvCopyDataFromQueue
                0x000000000800cfba       0x4c Middlewares/Third_Party/FreeRTOS/Source/queue.o
 .text.prvUnlockQueue
                0x000000000800d006       0xa4 Middlewares/Third_Party/FreeRTOS/Source/queue.o
 .text.prvIsQueueEmpty
                0x000000000800d0aa       0x2c Middlewares/Third_Party/FreeRTOS/Source/queue.o
 .text.prvIsQueueFull
                0x000000000800d0d6       0x30 Middlewares/Third_Party/FreeRTOS/Source/queue.o
 *fill*         0x000000000800d106        0x2 
 .text.vQueueAddToRegistry
                0x000000000800d108       0x50 Middlewares/Third_Party/FreeRTOS/Source/queue.o
                0x000000000800d108                vQueueAddToRegistry
 .text.vQueueUnregisterQueue
                0x000000000800d158       0x54 Middlewares/Third_Party/FreeRTOS/Source/queue.o
                0x000000000800d158                vQueueUnregisterQueue
 .text.vQueueWaitForMessageRestricted
                0x000000000800d1ac       0x68 Middlewares/Third_Party/FreeRTOS/Source/queue.o
                0x000000000800d1ac                vQueueWaitForMessageRestricted
 .text.xTaskCreateStatic
                0x000000000800d214       0xb2 Middlewares/Third_Party/FreeRTOS/Source/tasks.o
                0x000000000800d214                xTaskCreateStatic
 .text.xTaskCreate
                0x000000000800d2c6       0x8a Middlewares/Third_Party/FreeRTOS/Source/tasks.o
                0x000000000800d2c6                xTaskCreate
 .text.prvInitialiseNewTask
                0x000000000800d350      0x10c Middlewares/Third_Party/FreeRTOS/Source/tasks.o
 .text.prvAddNewTaskToReadyList
                0x000000000800d45c       0xe0 Middlewares/Third_Party/FreeRTOS/Source/tasks.o
 .text.vTaskStartScheduler
                0x000000000800d53c       0xc8 Middlewares/Third_Party/FreeRTOS/Source/tasks.o
                0x000000000800d53c                vTaskStartScheduler
 .text.vTaskSuspendAll
                0x000000000800d604       0x1c Middlewares/Third_Party/FreeRTOS/Source/tasks.o
                0x000000000800d604                vTaskSuspendAll
 .text.xTaskResumeAll
                0x000000000800d620      0x138 Middlewares/Third_Party/FreeRTOS/Source/tasks.o
                0x000000000800d620                xTaskResumeAll
 .text.xTaskGetTickCount
                0x000000000800d758       0x20 Middlewares/Third_Party/FreeRTOS/Source/tasks.o
                0x000000000800d758                xTaskGetTickCount
 .text.xTaskIncrementTick
                0x000000000800d778      0x17c Middlewares/Third_Party/FreeRTOS/Source/tasks.o
                0x000000000800d778                xTaskIncrementTick
 .text.vTaskSwitchContext
                0x000000000800d8f4       0xd8 Middlewares/Third_Party/FreeRTOS/Source/tasks.o
                0x000000000800d8f4                vTaskSwitchContext
 .text.vTaskPlaceOnEventList
                0x000000000800d9cc       0x48 Middlewares/Third_Party/FreeRTOS/Source/tasks.o
                0x000000000800d9cc                vTaskPlaceOnEventList
 .text.vTaskPlaceOnEventListRestricted
                0x000000000800da14       0x54 Middlewares/Third_Party/FreeRTOS/Source/tasks.o
                0x000000000800da14                vTaskPlaceOnEventListRestricted
 .text.xTaskRemoveFromEventList
                0x000000000800da68       0xc4 Middlewares/Third_Party/FreeRTOS/Source/tasks.o
                0x000000000800da68                xTaskRemoveFromEventList
 .text.vTaskInternalSetTimeOutState
                0x000000000800db2c       0x2c Middlewares/Third_Party/FreeRTOS/Source/tasks.o
                0x000000000800db2c                vTaskInternalSetTimeOutState
 .text.xTaskCheckForTimeOut
                0x000000000800db58       0xc0 Middlewares/Third_Party/FreeRTOS/Source/tasks.o
                0x000000000800db58                xTaskCheckForTimeOut
 .text.vTaskMissedYield
                0x000000000800dc18       0x18 Middlewares/Third_Party/FreeRTOS/Source/tasks.o
                0x000000000800dc18                vTaskMissedYield
 .text.prvIdleTask
                0x000000000800dc30       0x30 Middlewares/Third_Party/FreeRTOS/Source/tasks.o
 .text.prvInitialiseTaskLists
                0x000000000800dc60       0x80 Middlewares/Third_Party/FreeRTOS/Source/tasks.o
 .text.prvCheckTasksWaitingTermination
                0x000000000800dce0       0x58 Middlewares/Third_Party/FreeRTOS/Source/tasks.o
 .text.prvDeleteTCB
                0x000000000800dd38       0x5c Middlewares/Third_Party/FreeRTOS/Source/tasks.o
 .text.prvResetNextTaskUnblockTime
                0x000000000800dd94       0x4c Middlewares/Third_Party/FreeRTOS/Source/tasks.o
 .text.xTaskGetSchedulerState
                0x000000000800dde0       0x3c Middlewares/Third_Party/FreeRTOS/Source/tasks.o
                0x000000000800dde0                xTaskGetSchedulerState
 .text.xTaskPriorityInherit
                0x000000000800de1c       0xdc Middlewares/Third_Party/FreeRTOS/Source/tasks.o
                0x000000000800de1c                xTaskPriorityInherit
 .text.xTaskPriorityDisinherit
                0x000000000800def8       0xd8 Middlewares/Third_Party/FreeRTOS/Source/tasks.o
                0x000000000800def8                xTaskPriorityDisinherit
 .text.vTaskPriorityDisinheritAfterTimeout
                0x000000000800dfd0      0x108 Middlewares/Third_Party/FreeRTOS/Source/tasks.o
                0x000000000800dfd0                vTaskPriorityDisinheritAfterTimeout
 .text.pvTaskIncrementMutexHeldCount
                0x000000000800e0d8       0x28 Middlewares/Third_Party/FreeRTOS/Source/tasks.o
                0x000000000800e0d8                pvTaskIncrementMutexHeldCount
 .text.xTaskNotifyWait
                0x000000000800e100       0xb4 Middlewares/Third_Party/FreeRTOS/Source/tasks.o
                0x000000000800e100                xTaskNotifyWait
 .text.xTaskGenericNotify
                0x000000000800e1b4      0x144 Middlewares/Third_Party/FreeRTOS/Source/tasks.o
                0x000000000800e1b4                xTaskGenericNotify
 .text.prvAddCurrentTaskToDelayedList
                0x000000000800e2f8       0xa8 Middlewares/Third_Party/FreeRTOS/Source/tasks.o
 .text.xTimerCreateTimerTask
                0x000000000800e3a0       0x90 Middlewares/Third_Party/FreeRTOS/Source/timers.o
                0x000000000800e3a0                xTimerCreateTimerTask
 .text.xTimerGenericCommand
                0x000000000800e430       0x98 Middlewares/Third_Party/FreeRTOS/Source/timers.o
                0x000000000800e430                xTimerGenericCommand
 .text.prvProcessExpiredTimer
                0x000000000800e4c8       0x80 Middlewares/Third_Party/FreeRTOS/Source/timers.o
 .text.prvTimerTask
                0x000000000800e548       0x24 Middlewares/Third_Party/FreeRTOS/Source/timers.o
 .text.prvProcessTimerOrBlockTask
                0x000000000800e56c       0x9c Middlewares/Third_Party/FreeRTOS/Source/timers.o
 .text.prvGetNextExpireTime
                0x000000000800e608       0x48 Middlewares/Third_Party/FreeRTOS/Source/timers.o
 .text.prvSampleTimeNow
                0x000000000800e650       0x40 Middlewares/Third_Party/FreeRTOS/Source/timers.o
 .text.prvInsertTimerInActiveList
                0x000000000800e690       0x84 Middlewares/Third_Party/FreeRTOS/Source/timers.o
 .text.prvProcessReceivedCommands
                0x000000000800e714      0x160 Middlewares/Third_Party/FreeRTOS/Source/timers.o
 .text.prvSwitchTimerLists
                0x000000000800e874       0xc0 Middlewares/Third_Party/FreeRTOS/Source/timers.o
 .text.prvCheckForValidListAndQueue
                0x000000000800e934       0x80 Middlewares/Third_Party/FreeRTOS/Source/timers.o
 .text.pxPortInitialiseStack
                0x000000000800e9b4       0x68 Middlewares/Third_Party/FreeRTOS/Source/portable/GCC/ARM_CM4F/port.o
                0x000000000800e9b4                pxPortInitialiseStack
 .text.prvTaskExitError
                0x000000000800ea1c       0x54 Middlewares/Third_Party/FreeRTOS/Source/portable/GCC/ARM_CM4F/port.o
 .text.SVC_Handler
                0x000000000800ea70       0x28 Middlewares/Third_Party/FreeRTOS/Source/portable/GCC/ARM_CM4F/port.o
                0x000000000800ea70                SVC_Handler
 .text.prvPortStartFirstTask
                0x000000000800ea98       0x28 Middlewares/Third_Party/FreeRTOS/Source/portable/GCC/ARM_CM4F/port.o
 .text.xPortStartScheduler
                0x000000000800eac0      0x13c Middlewares/Third_Party/FreeRTOS/Source/portable/GCC/ARM_CM4F/port.o
                0x000000000800eac0                xPortStartScheduler
 .text.vPortEnterCritical
                0x000000000800ebfc       0x5c Middlewares/Third_Party/FreeRTOS/Source/portable/GCC/ARM_CM4F/port.o
                0x000000000800ebfc                vPortEnterCritical
 .text.vPortExitCritical
                0x000000000800ec58       0x50 Middlewares/Third_Party/FreeRTOS/Source/portable/GCC/ARM_CM4F/port.o
                0x000000000800ec58                vPortExitCritical
 *fill*         0x000000000800eca8        0x8 
 .text.PendSV_Handler
                0x000000000800ecb0       0x68 Middlewares/Third_Party/FreeRTOS/Source/portable/GCC/ARM_CM4F/port.o
                0x000000000800ecb0                PendSV_Handler
 .text.SysTick_Handler
                0x000000000800ed18       0x40 Middlewares/Third_Party/FreeRTOS/Source/portable/GCC/ARM_CM4F/port.o
                0x000000000800ed18                SysTick_Handler
 .text.vPortSetupTimerInterrupt
                0x000000000800ed58       0x48 Middlewares/Third_Party/FreeRTOS/Source/portable/GCC/ARM_CM4F/port.o
                0x000000000800ed58                vPortSetupTimerInterrupt
 .text.vPortEnableVFP
                0x000000000800eda0       0x14 Middlewares/Third_Party/FreeRTOS/Source/portable/GCC/ARM_CM4F/port.o
 .text.vPortValidateInterruptPriority
                0x000000000800edb4       0x7c Middlewares/Third_Party/FreeRTOS/Source/portable/GCC/ARM_CM4F/port.o
                0x000000000800edb4                vPortValidateInterruptPriority
 .text.pvPortMalloc
                0x000000000800ee30      0x140 Middlewares/Third_Party/FreeRTOS/Source/portable/MemMang/heap_5.o
                0x000000000800ee30                pvPortMalloc
 .text.vPortFree
                0x000000000800ef70       0xb0 Middlewares/Third_Party/FreeRTOS/Source/portable/MemMang/heap_5.o
                0x000000000800ef70                vPortFree
 .text.prvInsertBlockIntoFreeList
                0x000000000800f020       0xb4 Middlewares/Third_Party/FreeRTOS/Source/portable/MemMang/heap_5.o
 .text.vPortDefineHeapRegions
                0x000000000800f0d4      0x18c Middlewares/Third_Party/FreeRTOS/Source/portable/MemMang/heap_5.o
                0x000000000800f0d4                vPortDefineHeapRegions
 .text.MX_FATFS_Init
                0x000000000800f260       0x24 Src/fatfs.o
                0x000000000800f260                MX_FATFS_Init
 .text.get_fattime
                0x000000000800f284       0x10 Src/fatfs.o
                0x000000000800f284                get_fattime
 .text.WavProcess_HeaderUpdate
                0x000000000800f294       0x94 Src/main.o
                0x000000000800f294                WavProcess_HeaderUpdate
 .text.WavProcess_HeaderInit
                0x000000000800f328      0x1ae Src/main.o
                0x000000000800f328                WavProcess_HeaderInit
 *fill*         0x000000000800f4d6        0x2 
 .text.WavProcess_EncInit
                0x000000000800f4d8       0x80 Src/main.o
                0x000000000800f4d8                WavProcess_EncInit
 .text.PDMDecoder_Init
                0x000000000800f558      0x134 Src/main.o
                0x000000000800f558                PDMDecoder_Init
 .text.AUDIO_IN_PDMToPCM
                0x000000000800f68c       0xe8 Src/main.o
                0x000000000800f68c                AUDIO_IN_PDMToPCM
 .text.main     0x000000000800f774       0xa0 Src/main.o
                0x000000000800f774                main
 .text.SystemClock_Config
                0x000000000800f814      0x100 Src/main.o
                0x000000000800f814                SystemClock_Config
 .text.MX_I2S2_Init
                0x000000000800f914       0x5c Src/main.o
 .text.MX_DMA_Init
                0x000000000800f970       0x40 Src/main.o
 .text.MX_GPIO_Init
                0x000000000800f9b0       0xfc Src/main.o
 .text.Led_commandes
                0x000000000800faac       0x30 Src/main.o
                0x000000000800faac                Led_commandes
 .text.USBH_UserProcess
                0x000000000800fadc       0xec Src/main.o
                0x000000000800fadc                USBH_UserProcess
 .text.HAL_I2S_RxHalfCpltCallback
                0x000000000800fbc8       0x9c Src/main.o
                0x000000000800fbc8                HAL_I2S_RxHalfCpltCallback
 .text.HAL_I2S_RxCpltCallback
                0x000000000800fc64       0x9c Src/main.o
                0x000000000800fc64                HAL_I2S_RxCpltCallback
 .text.StartDefaultTask
                0x000000000800fd00       0xe8 Src/main.o
                0x000000000800fd00                StartDefaultTask
 .text.HAL_TIM_PeriodElapsedCallback
                0x000000000800fde8       0x24 Src/main.o
                0x000000000800fde8                HAL_TIM_PeriodElapsedCallback
 .text.Error_Handler
                0x000000000800fe0c        0xe Src/main.o
                0x000000000800fe0c                Error_Handler
 *fill*         0x000000000800fe1a        0x2 
 .text.HAL_MspInit
                0x000000000800fe1c       0x58 Src/stm32f4xx_hal_msp.o
                0x000000000800fe1c                HAL_MspInit
 .text.HAL_I2S_MspInit
                0x000000000800fe74      0x138 Src/stm32f4xx_hal_msp.o
                0x000000000800fe74                HAL_I2S_MspInit
 .text.HAL_InitTick
                0x000000000800ffac       0xb4 Src/stm32f4xx_hal_timebase_tim.o
                0x000000000800ffac                HAL_InitTick
 .text.NMI_Handler
                0x0000000008010060        0xe Src/stm32f4xx_it.o
                0x0000000008010060                NMI_Handler
 .text.HardFault_Handler
                0x000000000801006e        0x6 Src/stm32f4xx_it.o
                0x000000000801006e                HardFault_Handler
 .text.MemManage_Handler
                0x0000000008010074        0x6 Src/stm32f4xx_it.o
                0x0000000008010074                MemManage_Handler
 .text.BusFault_Handler
                0x000000000801007a        0x6 Src/stm32f4xx_it.o
                0x000000000801007a                BusFault_Handler
 .text.UsageFault_Handler
                0x0000000008010080        0x6 Src/stm32f4xx_it.o
                0x0000000008010080                UsageFault_Handler
 .text.DebugMon_Handler
                0x0000000008010086        0xe Src/stm32f4xx_it.o
                0x0000000008010086                DebugMon_Handler
 .text.DMA1_Stream3_IRQHandler
                0x0000000008010094       0x14 Src/stm32f4xx_it.o
                0x0000000008010094                DMA1_Stream3_IRQHandler
 .text.TIM1_UP_TIM10_IRQHandler
                0x00000000080100a8       0x14 Src/stm32f4xx_it.o
                0x00000000080100a8                TIM1_UP_TIM10_IRQHandler
 .text.OTG_FS_IRQHandler
                0x00000000080100bc       0x14 Src/stm32f4xx_it.o
                0x00000000080100bc                OTG_FS_IRQHandler
 .text.SystemInit
                0x00000000080100d0       0x6c Src/system_stm32f4xx.o
                0x00000000080100d0                SystemInit
 .text.MX_USB_HOST_Init
                0x000000000801013c       0x4c Src/usb_host.o
                0x000000000801013c                MX_USB_HOST_Init
 .text.HAL_HCD_MspInit
                0x0000000008010188       0xc4 Src/usbh_conf.o
                0x0000000008010188                HAL_HCD_MspInit
 .text.HAL_HCD_SOF_Callback
                0x000000000801024c       0x1c Src/usbh_conf.o
                0x000000000801024c                HAL_HCD_SOF_Callback
 .text.HAL_HCD_Connect_Callback
                0x0000000008010268       0x1c Src/usbh_conf.o
                0x0000000008010268                HAL_HCD_Connect_Callback
 .text.HAL_HCD_Disconnect_Callback
                0x0000000008010284       0x1c Src/usbh_conf.o
                0x0000000008010284                HAL_HCD_Disconnect_Callback
 .text.HAL_HCD_HC_NotifyURBChange_Callback
                0x00000000080102a0       0x24 Src/usbh_conf.o
                0x00000000080102a0                HAL_HCD_HC_NotifyURBChange_Callback
 .text.HAL_HCD_PortEnabled_Callback
                0x00000000080102c4       0x1c Src/usbh_conf.o
                0x00000000080102c4                HAL_HCD_PortEnabled_Callback
 .text.HAL_HCD_PortDisabled_Callback
                0x00000000080102e0       0x1c Src/usbh_conf.o
                0x00000000080102e0                HAL_HCD_PortDisabled_Callback
 .text.USBH_LL_Init
                0x00000000080102fc       0x78 Src/usbh_conf.o
                0x00000000080102fc                USBH_LL_Init
 .text.USBH_LL_Start
                0x0000000008010374       0x36 Src/usbh_conf.o
                0x0000000008010374                USBH_LL_Start
 .text.USBH_LL_Stop
                0x00000000080103aa       0x36 Src/usbh_conf.o
                0x00000000080103aa                USBH_LL_Stop
 .text.USBH_LL_GetSpeed
                0x00000000080103e0       0x4a Src/usbh_conf.o
                0x00000000080103e0                USBH_LL_GetSpeed
 .text.USBH_LL_ResetPort
                0x000000000801042a       0x36 Src/usbh_conf.o
                0x000000000801042a                USBH_LL_ResetPort
 .text.USBH_LL_GetLastXferSize
                0x0000000008010460       0x26 Src/usbh_conf.o
                0x0000000008010460                USBH_LL_GetLastXferSize
 .text.USBH_LL_OpenPipe
                0x0000000008010486       0x5e Src/usbh_conf.o
                0x0000000008010486                USBH_LL_OpenPipe
 .text.USBH_LL_ClosePipe
                0x00000000080104e4       0x3e Src/usbh_conf.o
                0x00000000080104e4                USBH_LL_ClosePipe
 .text.USBH_LL_SubmitURB
                0x0000000008010522       0x62 Src/usbh_conf.o
                0x0000000008010522                USBH_LL_SubmitURB
 .text.USBH_LL_GetURBState
                0x0000000008010584       0x26 Src/usbh_conf.o
                0x0000000008010584                USBH_LL_GetURBState
 .text.USBH_LL_DriverVBUS
                0x00000000080105aa       0x2e Src/usbh_conf.o
                0x00000000080105aa                USBH_LL_DriverVBUS
 .text.USBH_LL_SetToggle
                0x00000000080105d8       0x66 Src/usbh_conf.o
                0x00000000080105d8                USBH_LL_SetToggle
 .text.USBH_LL_GetToggle
                0x000000000801063e       0x66 Src/usbh_conf.o
                0x000000000801063e                USBH_LL_GetToggle
 .text.USBH_Delay
                0x00000000080106a4       0x16 Src/usbh_conf.o
                0x00000000080106a4                USBH_Delay
 *fill*         0x00000000080106ba        0x2 
 .text.USBH_Get_USB_Status
                0x00000000080106bc       0x58 Src/usbh_conf.o
                0x00000000080106bc                USBH_Get_USB_Status
 .text.USBH_initialize
                0x0000000008010714       0x18 Src/usbh_diskio.o
                0x0000000008010714                USBH_initialize
 .text.USBH_status
                0x000000000801072c       0x38 Src/usbh_diskio.o
                0x000000000801072c                USBH_status
 .text.USBH_read
                0x0000000008010764       0x70 Src/usbh_diskio.o
                0x0000000008010764                USBH_read
 .text.USBH_write
                0x00000000080107d4       0x84 Src/usbh_diskio.o
                0x00000000080107d4                USBH_write
 .text.USBH_ioctl
                0x0000000008010858       0xd8 Src/usbh_diskio.o
                0x0000000008010858                USBH_ioctl
 .text.MX_DriverVbusFS
                0x0000000008010930       0x38 Src/usbh_platform.o
                0x0000000008010930                MX_DriverVbusFS
 .text.Reset_Handler
                0x0000000008010968       0x50 Startup/startup_stm32f407vgtx.o
                0x0000000008010968                Reset_Handler
 .text.Default_Handler
                0x00000000080109b8        0x2 Startup/startup_stm32f407vgtx.o
                0x00000000080109b8                RTC_Alarm_IRQHandler
                0x00000000080109b8                HASH_RNG_IRQHandler
                0x00000000080109b8                EXTI2_IRQHandler
                0x00000000080109b8                TIM8_CC_IRQHandler
                0x00000000080109b8                TIM1_CC_IRQHandler
                0x00000000080109b8                DMA2_Stream5_IRQHandler
                0x00000000080109b8                DMA1_Stream5_IRQHandler
                0x00000000080109b8                PVD_IRQHandler
                0x00000000080109b8                SDIO_IRQHandler
                0x00000000080109b8                TAMP_STAMP_IRQHandler
                0x00000000080109b8                CAN2_RX1_IRQHandler
                0x00000000080109b8                EXTI3_IRQHandler
                0x00000000080109b8                TIM8_TRG_COM_TIM14_IRQHandler
                0x00000000080109b8                TIM8_UP_TIM13_IRQHandler
                0x00000000080109b8                I2C3_ER_IRQHandler
                0x00000000080109b8                EXTI0_IRQHandler
                0x00000000080109b8                I2C2_EV_IRQHandler
                0x00000000080109b8                DMA1_Stream2_IRQHandler
                0x00000000080109b8                CAN1_RX0_IRQHandler
                0x00000000080109b8                FPU_IRQHandler
                0x00000000080109b8                OTG_HS_WKUP_IRQHandler
                0x00000000080109b8                CAN2_SCE_IRQHandler
                0x00000000080109b8                DMA2_Stream2_IRQHandler
                0x00000000080109b8                SPI1_IRQHandler
                0x00000000080109b8                TIM6_DAC_IRQHandler
                0x00000000080109b8                TIM1_BRK_TIM9_IRQHandler
                0x00000000080109b8                DCMI_IRQHandler
                0x00000000080109b8                CAN2_RX0_IRQHandler
                0x00000000080109b8                DMA2_Stream3_IRQHandler
                0x00000000080109b8                USART6_IRQHandler
                0x00000000080109b8                USART3_IRQHandler
                0x00000000080109b8                CAN1_RX1_IRQHandler
                0x00000000080109b8                UART5_IRQHandler
                0x00000000080109b8                DMA2_Stream0_IRQHandler
                0x00000000080109b8                TIM4_IRQHandler
                0x00000000080109b8                I2C1_EV_IRQHandler
                0x00000000080109b8                DMA1_Stream6_IRQHandler
                0x00000000080109b8                DMA1_Stream1_IRQHandler
                0x00000000080109b8                UART4_IRQHandler
                0x00000000080109b8                TIM3_IRQHandler
                0x00000000080109b8                RCC_IRQHandler
                0x00000000080109b8                TIM8_BRK_TIM12_IRQHandler
                0x00000000080109b8                Default_Handler
                0x00000000080109b8                EXTI15_10_IRQHandler
                0x00000000080109b8                ADC_IRQHandler
                0x00000000080109b8                DMA1_Stream7_IRQHandler
                0x00000000080109b8                TIM7_IRQHandler
                0x00000000080109b8                CAN2_TX_IRQHandler
                0x00000000080109b8                TIM5_IRQHandler
                0x00000000080109b8                DMA2_Stream7_IRQHandler
                0x00000000080109b8                I2C3_EV_IRQHandler
                0x00000000080109b8                EXTI9_5_IRQHandler
                0x00000000080109b8                RTC_WKUP_IRQHandler
                0x00000000080109b8                ETH_WKUP_IRQHandler
                0x00000000080109b8                SPI2_IRQHandler
                0x00000000080109b8                OTG_HS_EP1_IN_IRQHandler
                0x00000000080109b8                DMA1_Stream0_IRQHandler
                0x00000000080109b8                CAN1_TX_IRQHandler
                0x00000000080109b8                EXTI4_IRQHandler
                0x00000000080109b8                FSMC_IRQHandler
                0x00000000080109b8                ETH_IRQHandler
                0x00000000080109b8                OTG_HS_EP1_OUT_IRQHandler
                0x00000000080109b8                WWDG_IRQHandler
                0x00000000080109b8                TIM2_IRQHandler
                0x00000000080109b8                OTG_FS_WKUP_IRQHandler
                0x00000000080109b8                TIM1_TRG_COM_TIM11_IRQHandler
                0x00000000080109b8                OTG_HS_IRQHandler
                0x00000000080109b8                EXTI1_IRQHandler
                0x00000000080109b8                USART2_IRQHandler
                0x00000000080109b8                I2C2_ER_IRQHandler
                0x00000000080109b8                DMA2_Stream1_IRQHandler
                0x00000000080109b8                CAN1_SCE_IRQHandler
                0x00000000080109b8                FLASH_IRQHandler
                0x00000000080109b8                DMA2_Stream4_IRQHandler
                0x00000000080109b8                USART1_IRQHandler
                0x00000000080109b8                SPI3_IRQHandler
                0x00000000080109b8                DMA1_Stream4_IRQHandler
                0x00000000080109b8                I2C1_ER_IRQHandler
                0x00000000080109b8                DMA2_Stream6_IRQHandler
 *fill*         0x00000000080109ba        0x2 
 .text.D16_GENERIC
                0x00000000080109bc      0x110 /home/ghazi/Documents/STM32/workspace_1.0.1/FreeRTOS/Middlewares/PDM/Lib/libPDMFilter_CM3_GCC.a(pdm_filter.o)
 .text.D24_GENERIC
                0x0000000008010acc      0x16c /home/ghazi/Documents/STM32/workspace_1.0.1/FreeRTOS/Middlewares/PDM/Lib/libPDMFilter_CM3_GCC.a(pdm_filter.o)
 .text.D32_GENERIC
                0x0000000008010c38      0x18c /home/ghazi/Documents/STM32/workspace_1.0.1/FreeRTOS/Middlewares/PDM/Lib/libPDMFilter_CM3_GCC.a(pdm_filter.o)
 .text.D48_GENERIC
                0x0000000008010dc4      0x20c /home/ghazi/Documents/STM32/workspace_1.0.1/FreeRTOS/Middlewares/PDM/Lib/libPDMFilter_CM3_GCC.a(pdm_filter.o)
 .text.D64_GENERIC
                0x0000000008010fd0      0x280 /home/ghazi/Documents/STM32/workspace_1.0.1/FreeRTOS/Middlewares/PDM/Lib/libPDMFilter_CM3_GCC.a(pdm_filter.o)
 .text.D80_GENERIC
                0x0000000008011250      0x32c /home/ghazi/Documents/STM32/workspace_1.0.1/FreeRTOS/Middlewares/PDM/Lib/libPDMFilter_CM3_GCC.a(pdm_filter.o)
 .text.D128_GENERIC
                0x000000000801157c      0x498 /home/ghazi/Documents/STM32/workspace_1.0.1/FreeRTOS/Middlewares/PDM/Lib/libPDMFilter_CM3_GCC.a(pdm_filter.o)
 .text.D16_1CH_HTONS_VOL_HP
                0x0000000008011a14       0xd4 /home/ghazi/Documents/STM32/workspace_1.0.1/FreeRTOS/Middlewares/PDM/Lib/libPDMFilter_CM3_GCC.a(pdm_filter.o)
 .text.D24_1CH_HTONS_VOL_HP
                0x0000000008011ae8      0x13c /home/ghazi/Documents/STM32/workspace_1.0.1/FreeRTOS/Middlewares/PDM/Lib/libPDMFilter_CM3_GCC.a(pdm_filter.o)
 .text.D32_1CH_HTONS_VOL_HP
                0x0000000008011c24      0x144 /home/ghazi/Documents/STM32/workspace_1.0.1/FreeRTOS/Middlewares/PDM/Lib/libPDMFilter_CM3_GCC.a(pdm_filter.o)
 .text.D48_1CH_HTONS_VOL_HP
                0x0000000008011d68      0x198 /home/ghazi/Documents/STM32/workspace_1.0.1/FreeRTOS/Middlewares/PDM/Lib/libPDMFilter_CM3_GCC.a(pdm_filter.o)
 .text.D64_1CH_HTONS_VOL_HP
                0x0000000008011f00      0x218 /home/ghazi/Documents/STM32/workspace_1.0.1/FreeRTOS/Middlewares/PDM/Lib/libPDMFilter_CM3_GCC.a(pdm_filter.o)
 .text.D80_1CH_HTONS_VOL_HP
                0x0000000008012118      0x2a8 /home/ghazi/Documents/STM32/workspace_1.0.1/FreeRTOS/Middlewares/PDM/Lib/libPDMFilter_CM3_GCC.a(pdm_filter.o)
 .text.D128_1CH_HTONS_VOL_HP
                0x00000000080123c0      0x3cc /home/ghazi/Documents/STM32/workspace_1.0.1/FreeRTOS/Middlewares/PDM/Lib/libPDMFilter_CM3_GCC.a(pdm_filter.o)
 .text.PDM_Filter_Init
                0x000000000801278c      0x138 /home/ghazi/Documents/STM32/workspace_1.0.1/FreeRTOS/Middlewares/PDM/Lib/libPDMFilter_CM3_GCC.a(pdm_filter.o)
                0x000000000801278c                PDM_Filter_Init
 .text.PDM_Filter_setConfig
                0x00000000080128c4      0x1f4 /home/ghazi/Documents/STM32/workspace_1.0.1/FreeRTOS/Middlewares/PDM/Lib/libPDMFilter_CM3_GCC.a(pdm_filter.o)
                0x00000000080128c4                PDM_Filter_setConfig
 .text.PDM_Filter
                0x0000000008012ab8       0x38 /home/ghazi/Documents/STM32/workspace_1.0.1/FreeRTOS/Middlewares/PDM/Lib/libPDMFilter_CM3_GCC.a(pdm_filter.o)
                0x0000000008012ab8                PDM_Filter
 .text.__errno  0x0000000008012af0        0xc /opt/st/stm32cubeide_1.0.1/plugins/com.st.stm32cube.ide.mcu.externaltools.gnu-tools-for-stm32.7-2018-q2-update.linux64_1.0.0.201904181610/tools/bin/../lib/gcc/arm-none-eabi/7.3.1/../../../../arm-none-eabi/lib/thumb/v7e-m/fpv4-sp/hard/libc_nano.a(lib_a-errno.o)
                0x0000000008012af0                __errno
 .text.__libc_init_array
                0x0000000008012afc       0x48 /opt/st/stm32cubeide_1.0.1/plugins/com.st.stm32cube.ide.mcu.externaltools.gnu-tools-for-stm32.7-2018-q2-update.linux64_1.0.0.201904181610/tools/bin/../lib/gcc/arm-none-eabi/7.3.1/../../../../arm-none-eabi/lib/thumb/v7e-m/fpv4-sp/hard/libc_nano.a(lib_a-init.o)
                0x0000000008012afc                __libc_init_array
 .text.memcpy   0x0000000008012b44       0x16 /opt/st/stm32cubeide_1.0.1/plugins/com.st.stm32cube.ide.mcu.externaltools.gnu-tools-for-stm32.7-2018-q2-update.linux64_1.0.0.201904181610/tools/bin/../lib/gcc/arm-none-eabi/7.3.1/../../../../arm-none-eabi/lib/thumb/v7e-m/fpv4-sp/hard/libc_nano.a(lib_a-memcpy-stub.o)
                0x0000000008012b44                memcpy
 .text.memset   0x0000000008012b5a       0x10 /opt/st/stm32cubeide_1.0.1/plugins/com.st.stm32cube.ide.mcu.externaltools.gnu-tools-for-stm32.7-2018-q2-update.linux64_1.0.0.201904181610/tools/bin/../lib/gcc/arm-none-eabi/7.3.1/../../../../arm-none-eabi/lib/thumb/v7e-m/fpv4-sp/hard/libc_nano.a(lib_a-memset.o)
                0x0000000008012b5a                memset
 *fill*         0x0000000008012b6a        0x2 
 .text.round    0x0000000008012b6c       0x94 /opt/st/stm32cubeide_1.0.1/plugins/com.st.stm32cube.ide.mcu.externaltools.gnu-tools-for-stm32.7-2018-q2-update.linux64_1.0.0.201904181610/tools/bin/../lib/gcc/arm-none-eabi/7.3.1/../../../../arm-none-eabi/lib/thumb/v7e-m/fpv4-sp/hard/libm.a(lib_a-s_round.o)
                0x0000000008012b6c                round
 .text.powf     0x0000000008012c00      0x2c8 /opt/st/stm32cubeide_1.0.1/plugins/com.st.stm32cube.ide.mcu.externaltools.gnu-tools-for-stm32.7-2018-q2-update.linux64_1.0.0.201904181610/tools/bin/../lib/gcc/arm-none-eabi/7.3.1/../../../../arm-none-eabi/lib/thumb/v7e-m/fpv4-sp/hard/libm.a(lib_a-wf_pow.o)
                0x0000000008012c00                powf
 .text.__ieee754_powf
                0x0000000008012ec8      0x580 /opt/st/stm32cubeide_1.0.1/plugins/com.st.stm32cube.ide.mcu.externaltools.gnu-tools-for-stm32.7-2018-q2-update.linux64_1.0.0.201904181610/tools/bin/../lib/gcc/arm-none-eabi/7.3.1/../../../../arm-none-eabi/lib/thumb/v7e-m/fpv4-sp/hard/libm.a(lib_a-ef_pow.o)
                0x0000000008012ec8                __ieee754_powf
 .text.__ieee754_sqrtf
                0x0000000008013448        0x6 /opt/st/stm32cubeide_1.0.1/plugins/com.st.stm32cube.ide.mcu.externaltools.gnu-tools-for-stm32.7-2018-q2-update.linux64_1.0.0.201904181610/tools/bin/../lib/gcc/arm-none-eabi/7.3.1/../../../../arm-none-eabi/lib/thumb/v7e-m/fpv4-sp/hard/libm.a(lib_a-ef_sqrt.o)
                0x0000000008013448                __ieee754_sqrtf
 .text.matherr  0x000000000801344e        0x4 /opt/st/stm32cubeide_1.0.1/plugins/com.st.stm32cube.ide.mcu.externaltools.gnu-tools-for-stm32.7-2018-q2-update.linux64_1.0.0.201904181610/tools/bin/../lib/gcc/arm-none-eabi/7.3.1/../../../../arm-none-eabi/lib/thumb/v7e-m/fpv4-sp/hard/libm.a(lib_a-s_matherr.o)
                0x000000000801344e                matherr
 .text.fabsf    0x0000000008013452        0xe /opt/st/stm32cubeide_1.0.1/plugins/com.st.stm32cube.ide.mcu.externaltools.gnu-tools-for-stm32.7-2018-q2-update.linux64_1.0.0.201904181610/tools/bin/../lib/gcc/arm-none-eabi/7.3.1/../../../../arm-none-eabi/lib/thumb/v7e-m/fpv4-sp/hard/libm.a(lib_a-sf_fabs.o)
                0x0000000008013452                fabsf
 .text.finitef  0x0000000008013460       0x14 /opt/st/stm32cubeide_1.0.1/plugins/com.st.stm32cube.ide.mcu.externaltools.gnu-tools-for-stm32.7-2018-q2-update.linux64_1.0.0.201904181610/tools/bin/../lib/gcc/arm-none-eabi/7.3.1/../../../../arm-none-eabi/lib/thumb/v7e-m/fpv4-sp/hard/libm.a(lib_a-sf_finite.o)
                0x0000000008013460                finitef
 .text.nanf     0x0000000008013474        0xc /opt/st/stm32cubeide_1.0.1/plugins/com.st.stm32cube.ide.mcu.externaltools.gnu-tools-for-stm32.7-2018-q2-update.linux64_1.0.0.201904181610/tools/bin/../lib/gcc/arm-none-eabi/7.3.1/../../../../arm-none-eabi/lib/thumb/v7e-m/fpv4-sp/hard/libm.a(lib_a-sf_nan.o)
                0x0000000008013474                nanf
 .text.rintf    0x0000000008013480       0xb4 /opt/st/stm32cubeide_1.0.1/plugins/com.st.stm32cube.ide.mcu.externaltools.gnu-tools-for-stm32.7-2018-q2-update.linux64_1.0.0.201904181610/tools/bin/../lib/gcc/arm-none-eabi/7.3.1/../../../../arm-none-eabi/lib/thumb/v7e-m/fpv4-sp/hard/libm.a(lib_a-sf_rint.o)
                0x0000000008013480                rintf
 .text.scalbnf  0x0000000008013534       0xc0 /opt/st/stm32cubeide_1.0.1/plugins/com.st.stm32cube.ide.mcu.externaltools.gnu-tools-for-stm32.7-2018-q2-update.linux64_1.0.0.201904181610/tools/bin/../lib/gcc/arm-none-eabi/7.3.1/../../../../arm-none-eabi/lib/thumb/v7e-m/fpv4-sp/hard/libm.a(lib_a-sf_scalbn.o)
                0x0000000008013534                scalbnf
 .text.copysignf
                0x00000000080135f4       0x18 /opt/st/stm32cubeide_1.0.1/plugins/com.st.stm32cube.ide.mcu.externaltools.gnu-tools-for-stm32.7-2018-q2-update.linux64_1.0.0.201904181610/tools/bin/../lib/gcc/arm-none-eabi/7.3.1/../../../../arm-none-eabi/lib/thumb/v7e-m/fpv4-sp/hard/libm.a(lib_a-sf_copysign.o)
                0x00000000080135f4                copysignf
 *(.glue_7)
 .glue_7        0x000000000801360c        0x0 linker stubs
 *(.glue_7t)
 .glue_7t       0x000000000801360c        0x0 linker stubs
 *(.eh_frame)
 .eh_frame      0x000000000801360c        0x0 /opt/st/stm32cubeide_1.0.1/plugins/com.st.stm32cube.ide.mcu.externaltools.gnu-tools-for-stm32.7-2018-q2-update.linux64_1.0.0.201904181610/tools/bin/../lib/gcc/arm-none-eabi/7.3.1/thumb/v7e-m/fpv4-sp/hard/crtbegin.o
 *(.init)
 .init          0x000000000801360c        0x4 /opt/st/stm32cubeide_1.0.1/plugins/com.st.stm32cube.ide.mcu.externaltools.gnu-tools-for-stm32.7-2018-q2-update.linux64_1.0.0.201904181610/tools/bin/../lib/gcc/arm-none-eabi/7.3.1/thumb/v7e-m/fpv4-sp/hard/crti.o
                0x000000000801360c                _init
 .init          0x0000000008013610        0x8 /opt/st/stm32cubeide_1.0.1/plugins/com.st.stm32cube.ide.mcu.externaltools.gnu-tools-for-stm32.7-2018-q2-update.linux64_1.0.0.201904181610/tools/bin/../lib/gcc/arm-none-eabi/7.3.1/thumb/v7e-m/fpv4-sp/hard/crtn.o
 *(.fini)
 .fini          0x0000000008013618        0x4 /opt/st/stm32cubeide_1.0.1/plugins/com.st.stm32cube.ide.mcu.externaltools.gnu-tools-for-stm32.7-2018-q2-update.linux64_1.0.0.201904181610/tools/bin/../lib/gcc/arm-none-eabi/7.3.1/thumb/v7e-m/fpv4-sp/hard/crti.o
                0x0000000008013618                _fini
 .fini          0x000000000801361c        0x8 /opt/st/stm32cubeide_1.0.1/plugins/com.st.stm32cube.ide.mcu.externaltools.gnu-tools-for-stm32.7-2018-q2-update.linux64_1.0.0.201904181610/tools/bin/../lib/gcc/arm-none-eabi/7.3.1/thumb/v7e-m/fpv4-sp/hard/crtn.o
                0x0000000008013624                . = ALIGN (0x4)
                0x0000000008013624                _etext = .

.vfp11_veneer   0x0000000008013624        0x0
 .vfp11_veneer  0x0000000008013624        0x0 linker stubs

.v4_bx          0x0000000008013624        0x0
 .v4_bx         0x0000000008013624        0x0 linker stubs

.iplt           0x0000000008013624        0x0
 .iplt          0x0000000008013624        0x0 /opt/st/stm32cubeide_1.0.1/plugins/com.st.stm32cube.ide.mcu.externaltools.gnu-tools-for-stm32.7-2018-q2-update.linux64_1.0.0.201904181610/tools/bin/../lib/gcc/arm-none-eabi/7.3.1/thumb/v7e-m/fpv4-sp/hard/crtbegin.o

.rodata         0x0000000008013624      0x1a8
                0x0000000008013624                . = ALIGN (0x4)
 *(.rodata)
 .rodata        0x0000000008013624        0x4 Middlewares/ST/STM32_USB_Host_Library/Class/MSC/Src/usbh_msc.o
 .rodata        0x0000000008013628        0xb Middlewares/ST/STM32_USB_Host_Library/Core/Src/usbh_core.o
 *fill*         0x0000000008013633        0x1 
 .rodata        0x0000000008013634       0x44 Middlewares/Third_Party/FatFs/src/ff.o
 .rodata        0x0000000008013678       0x10 Middlewares/Third_Party/FatFs/src/option/syscall.o
 .rodata        0x0000000008013688        0x5 Middlewares/Third_Party/FreeRTOS/Source/tasks.o
 *fill*         0x000000000801368d        0x3 
 .rodata        0x0000000008013690        0xd Middlewares/Third_Party/FreeRTOS/Source/timers.o
 *fill*         0x000000000801369d        0x3 
 .rodata        0x00000000080136a0       0x16 Src/main.o
 *fill*         0x00000000080136b6        0x2 
 .rodata        0x00000000080136b8       0x38 /home/ghazi/Documents/STM32/workspace_1.0.1/FreeRTOS/Middlewares/PDM/Lib/libPDMFilter_CM3_GCC.a(pdm_filter.o)
 *(.rodata*)
 .rodata.flagBitshiftOffset.8402
                0x00000000080136f0        0x8 Drivers/STM32F4xx_HAL_Driver/Src/stm32f4xx_hal_dma.o
 .rodata.ExCvt  0x00000000080136f8       0x80 Middlewares/Third_Party/FatFs/src/ff.o
 .rodata.AHBPrescTable
                0x0000000008013778       0x10 Src/system_stm32f4xx.o
                0x0000000008013778                AHBPrescTable
 .rodata.APBPrescTable
                0x0000000008013788        0x8 Src/system_stm32f4xx.o
                0x0000000008013788                APBPrescTable
 .rodata.USBH_Driver
                0x0000000008013790       0x14 Src/usbh_diskio.o
                0x0000000008013790                USBH_Driver
 .rodata.powf.str1.1
                0x00000000080137a4        0x5 /opt/st/stm32cubeide_1.0.1/plugins/com.st.stm32cube.ide.mcu.externaltools.gnu-tools-for-stm32.7-2018-q2-update.linux64_1.0.0.201904181610/tools/bin/../lib/gcc/arm-none-eabi/7.3.1/../../../../arm-none-eabi/lib/thumb/v7e-m/fpv4-sp/hard/libm.a(lib_a-wf_pow.o)
 .rodata.__ieee754_powf.str1.1
                0x00000000080137a9        0x5 /opt/st/stm32cubeide_1.0.1/plugins/com.st.stm32cube.ide.mcu.externaltools.gnu-tools-for-stm32.7-2018-q2-update.linux64_1.0.0.201904181610/tools/bin/../lib/gcc/arm-none-eabi/7.3.1/../../../../arm-none-eabi/lib/thumb/v7e-m/fpv4-sp/hard/libm.a(lib_a-ef_pow.o)
                                          0x1 (size before relaxing)
 *fill*         0x00000000080137a9        0x3 
 .rodata.bp     0x00000000080137ac        0x8 /opt/st/stm32cubeide_1.0.1/plugins/com.st.stm32cube.ide.mcu.externaltools.gnu-tools-for-stm32.7-2018-q2-update.linux64_1.0.0.201904181610/tools/bin/../lib/gcc/arm-none-eabi/7.3.1/../../../../arm-none-eabi/lib/thumb/v7e-m/fpv4-sp/hard/libm.a(lib_a-ef_pow.o)
 .rodata.dp_h   0x00000000080137b4        0x8 /opt/st/stm32cubeide_1.0.1/plugins/com.st.stm32cube.ide.mcu.externaltools.gnu-tools-for-stm32.7-2018-q2-update.linux64_1.0.0.201904181610/tools/bin/../lib/gcc/arm-none-eabi/7.3.1/../../../../arm-none-eabi/lib/thumb/v7e-m/fpv4-sp/hard/libm.a(lib_a-ef_pow.o)
 .rodata.dp_l   0x00000000080137bc        0x8 /opt/st/stm32cubeide_1.0.1/plugins/com.st.stm32cube.ide.mcu.externaltools.gnu-tools-for-stm32.7-2018-q2-update.linux64_1.0.0.201904181610/tools/bin/../lib/gcc/arm-none-eabi/7.3.1/../../../../arm-none-eabi/lib/thumb/v7e-m/fpv4-sp/hard/libm.a(lib_a-ef_pow.o)
 .rodata.TWO23  0x00000000080137c4        0x8 /opt/st/stm32cubeide_1.0.1/plugins/com.st.stm32cube.ide.mcu.externaltools.gnu-tools-for-stm32.7-2018-q2-update.linux64_1.0.0.201904181610/tools/bin/../lib/gcc/arm-none-eabi/7.3.1/../../../../arm-none-eabi/lib/thumb/v7e-m/fpv4-sp/hard/libm.a(lib_a-sf_rint.o)
                0x00000000080137cc                . = ALIGN (0x4)

.ARM.extab      0x00000000080137cc        0x0